Component: ARM Compiler 5.06 update 5 (build 528) Tool: armlink [4d35e2]

==============================================================================

Section Cross References

    startup_stm32f407xx.o(STACK) refers (Special) to heapauxi.o(.text) for __use_two_region_memory
    startup_stm32f407xx.o(HEAP) refers (Special) to heapauxi.o(.text) for __use_two_region_memory
    startup_stm32f407xx.o(RESET) refers (Special) to heapauxi.o(.text) for __use_two_region_memory
    startup_stm32f407xx.o(RESET) refers to startup_stm32f407xx.o(STACK) for __initial_sp
    startup_stm32f407xx.o(RESET) refers to startup_stm32f407xx.o(.text) for Reset_Handler
    startup_stm32f407xx.o(RESET) refers to stm32f4xx_it.o(i.NMI_Handler) for NMI_Handler
    startup_stm32f407xx.o(RESET) refers to stm32f4xx_it.o(i.HardFault_Handler) for HardFault_Handler
    startup_stm32f407xx.o(RESET) refers to stm32f4xx_it.o(i.MemManage_Handler) for MemManage_Handler
    startup_stm32f407xx.o(RESET) refers to stm32f4xx_it.o(i.BusFault_Handler) for BusFault_Handler
    startup_stm32f407xx.o(RESET) refers to stm32f4xx_it.o(i.UsageFault_Handler) for UsageFault_Handler
    startup_stm32f407xx.o(RESET) refers to port.o(.emb_text) for SVC_Handler
    startup_stm32f407xx.o(RESET) refers to stm32f4xx_it.o(i.DebugMon_Handler) for DebugMon_Handler
    startup_stm32f407xx.o(RESET) refers to cmsis_os2.o(i.SysTick_Handler) for SysTick_Handler
    startup_stm32f407xx.o(RESET) refers to stm32f4xx_it.o(i.DMA1_Stream1_IRQHandler) for DMA1_Stream1_IRQHandler
    startup_stm32f407xx.o(RESET) refers to stm32f4xx_it.o(i.DMA1_Stream3_IRQHandler) for DMA1_Stream3_IRQHandler
    startup_stm32f407xx.o(RESET) refers to stm32f4xx_it.o(i.CAN1_TX_IRQHandler) for CAN1_TX_IRQHandler
    startup_stm32f407xx.o(RESET) refers to stm32f4xx_it.o(i.CAN1_RX0_IRQHandler) for CAN1_RX0_IRQHandler
    startup_stm32f407xx.o(RESET) refers to stm32f4xx_it.o(i.EXTI9_5_IRQHandler) for EXTI9_5_IRQHandler
    startup_stm32f407xx.o(RESET) refers to stm32f4xx_it.o(i.TIM3_IRQHandler) for TIM3_IRQHandler
    startup_stm32f407xx.o(RESET) refers to stm32f4xx_it.o(i.TIM4_IRQHandler) for TIM4_IRQHandler
    startup_stm32f407xx.o(RESET) refers to stm32f4xx_it.o(i.USART1_IRQHandler) for USART1_IRQHandler
    startup_stm32f407xx.o(RESET) refers to stm32f4xx_it.o(i.USART3_IRQHandler) for USART3_IRQHandler
    startup_stm32f407xx.o(RESET) refers to stm32f4xx_it.o(i.DMA2_Stream2_IRQHandler) for DMA2_Stream2_IRQHandler
    startup_stm32f407xx.o(RESET) refers to stm32f4xx_it.o(i.CAN2_TX_IRQHandler) for CAN2_TX_IRQHandler
    startup_stm32f407xx.o(RESET) refers to stm32f4xx_it.o(i.CAN2_RX0_IRQHandler) for CAN2_RX0_IRQHandler
    startup_stm32f407xx.o(RESET) refers to stm32f4xx_it.o(i.DMA2_Stream7_IRQHandler) for DMA2_Stream7_IRQHandler
    startup_stm32f407xx.o(.text) refers (Special) to heapauxi.o(.text) for __use_two_region_memory
    startup_stm32f407xx.o(.text) refers to system_stm32f4xx.o(i.SystemInit) for SystemInit
    startup_stm32f407xx.o(.text) refers to __main.o(!!!main) for __main
    startup_stm32f407xx.o(.text) refers to startup_stm32f407xx.o(HEAP) for Heap_Mem
    startup_stm32f407xx.o(.text) refers to startup_stm32f407xx.o(STACK) for Stack_Mem
    main.o(i.HAL_TIM_PeriodElapsedCallback) refers to stm32f4xx_hal.o(i.HAL_IncTick) for HAL_IncTick
    main.o(i.HAL_TIM_PeriodElapsedCallback) refers to drive_tim.o(i.Update_SystemTick) for Update_SystemTick
    main.o(i.SystemClock_Config) refers to rt_memclr_w.o(.text) for __aeabi_memclr4
    main.o(i.SystemClock_Config) refers to stm32f4xx_hal_rcc.o(i.HAL_RCC_OscConfig) for HAL_RCC_OscConfig
    main.o(i.SystemClock_Config) refers to main.o(i.Error_Handler) for Error_Handler
    main.o(i.SystemClock_Config) refers to stm32f4xx_hal_rcc.o(i.HAL_RCC_ClockConfig) for HAL_RCC_ClockConfig
    main.o(i.main) refers to stm32f4xx_hal.o(i.HAL_Init) for HAL_Init
    main.o(i.main) refers to main.o(i.SystemClock_Config) for SystemClock_Config
    main.o(i.main) refers to gpio.o(i.MX_GPIO_Init) for MX_GPIO_Init
    main.o(i.main) refers to dma.o(i.MX_DMA_Init) for MX_DMA_Init
    main.o(i.main) refers to can.o(i.MX_CAN1_Init) for MX_CAN1_Init
    main.o(i.main) refers to can.o(i.MX_CAN2_Init) for MX_CAN2_Init
    main.o(i.main) refers to usart.o(i.MX_USART1_UART_Init) for MX_USART1_UART_Init
    main.o(i.main) refers to usart.o(i.MX_USART3_UART_Init) for MX_USART3_UART_Init
    main.o(i.main) refers to tim.o(i.MX_TIM4_Init) for MX_TIM4_Init
    main.o(i.main) refers to tim.o(i.MX_TIM10_Init) for MX_TIM10_Init
    main.o(i.main) refers to service_config.o(i.System_Resource_Init) for System_Resource_Init
    main.o(i.main) refers to cmsis_os2.o(i.osKernelInitialize) for osKernelInitialize
    main.o(i.main) refers to freertos.o(i.MX_FREERTOS_Init) for MX_FREERTOS_Init
    main.o(i.main) refers to cmsis_os2.o(i.osKernelStart) for osKernelStart
    gpio.o(i.MX_GPIO_Init) refers to rt_memclr_w.o(.text) for __aeabi_memclr4
[...]
    MX_CAN2_Init                             0x080032ed   Thumb Code    60  can.o(i.MX_CAN2_Init)
    MX_DMA_Init                              0x08003331   Thumb Code   104  dma.o(i.MX_DMA_Init)
    MX_FREERTOS_Init                         0x0800339d   Thumb Code    74  freertos.o(i.MX_FREERTOS_Init)
    MX_GPIO_Init                             0x08003405   Thumb Code   186  gpio.o(i.MX_GPIO_Init)
    MX_TIM10_Init                            0x080034cd   Thumb Code    94  tim.o(i.MX_TIM10_Init)
    MX_TIM4_Init                             0x08003535   Thumb Code    94  tim.o(i.MX_TIM4_Init)
    MX_USART1_UART_Init                      0x0800359d   Thumb Code    48  usart.o(i.MX_USART1_UART_Init)
    MX_USART3_UART_Init                      0x080035d5   Thumb Code    48  usart.o(i.MX_USART3_UART_Init)
    MemManage_Handler                        0x0800360d   Thumb Code     2  stm32f4xx_it.o(i.MemManage_Handler)
    NMI_Handler                              0x0800360f   Thumb Code     2  stm32f4xx_it.o(i.NMI_Handler)
    PWM_ReInit                               0x08003611   Thumb Code    28  drive_tim.o(i.PWM_ReInit)
    Set_PwmDuty                              0x0800362d   Thumb Code    42  drive_tim.o(i.Set_PwmDuty)
    SysTick_Handler                          0x08003657   Thumb Code    26  cmsis_os2.o(i.SysTick_Handler)
    SystemClock_Config                       0x08003671   Thumb Code   138  main.o(i.SystemClock_Config)
    SystemInit                               0x08003705   Thumb Code    12  system_stm32f4xx.o(i.SystemInit)
    System_Resource_Init                     0x08003715   Thumb Code   114  service_config.o(i.System_Resource_Init)
    TIM3_IRQHandler                          0x080037ad   Thumb Code     6  stm32f4xx_it.o(i.TIM3_IRQHandler)
    TIM4_IRQHandler                          0x080037b9   Thumb Code     6  stm32f4xx_it.o(i.TIM4_IRQHandler)
    TIM_Base_SetConfig                       0x080037c5   Thumb Code   168  stm32f4xx_hal_tim.o(i.TIM_Base_SetConfig)
    TIM_CCxChannelCmd                        0x08003899   Thumb Code    26  stm32f4xx_hal_tim.o(i.TIM_CCxChannelCmd)
    TIM_ETR_SetConfig                        0x080038b3   Thumb Code    20  stm32f4xx_hal_tim.o(i.TIM_ETR_SetConfig)
    TIM_OC2_SetConfig                        0x08003941   Thumb Code   106  stm32f4xx_hal_tim.o(i.TIM_OC2_SetConfig)
    Timer_Init                               0x08003ac1   Thumb Code    22  drive_tim.o(i.Timer_Init)
    UART_Start_Receive_DMA                   0x08003e39   Thumb Code   150  stm32f4xx_hal_uart.o(i.UART_Start_Receive_DMA)
    USART1_IRQHandler                        0x08003f3d   Thumb Code    18  stm32f4xx_it.o(i.USART1_IRQHandler)
    USART3_IRQHandler                        0x08003f59   Thumb Code    18  stm32f4xx_it.o(i.USART3_IRQHandler)
    Uart_Init                                0x08003f75   Thumb Code   286  drive_uart.o(i.Uart_Init)
    Uart_Receive_Handler                     0x080040ad   Thumb Code    18  drive_uart.o(i.Uart_Receive_Handler)
    Update_Action_gl_position                0x08004101   Thumb Code   206  action.o(i.Update_Action_gl_position)
    Update_SystemTick                        0x080041e5   Thumb Code    10  drive_tim.o(i.Update_SystemTick)
    UsageFault_Handler                       0x080041f5   Thumb Code     2  stm32f4xx_it.o(i.UsageFault_Handler)
    Usart_Rx_Callback_Register               0x080041f7   Thumb Code     4  drive_uart.o(i.Usart_Rx_Callback_Register)
    User_Debug_Task                          0x080041fb   Thumb Code     8  user_debug.o(i.User_Debug_Task)
    PidParamInit()                           0x08004205   Thumb Code   342  chassis_task.o(i._Z12PidParamInitv)
    _tool_buffer_get_int16(const unsigned char*, int*) 0x08004375   Thumb Code    20  tool.o(i._Z22_tool_buffer_get_int16PKhPi)
    _tool_buffer_get_int32(const unsigned char*, int*) 0x08004389   Thumb Code    38  tool.o(i._Z22_tool_buffer_get_int32PKhPi)
    _tool_buffer_append_int32(unsigned char*, int, int*) 0x080043af   Thumb Code    42  tool.o(i._Z25_tool_buffer_append_int32PhiPi)
    Motor_Base::update_angle(unsigned char*) 0x080043d9   Thumb Code   186  chassis_swerve.o(i._ZN10Motor_Base12update_angleEPh)
    Motor_C620::CanMsg_Process(CAN_TxMsg&)   0x08004493   Thumb Code   146  user_debug.o(i._ZN10Motor_C62014CanMsg_ProcessER9CAN_TxMsg)
    Motor_C620::update(unsigned char*)       0x08004525   Thumb Code    38  service_communication.o(i._ZN10Motor_C6206updateEPh)
    Motor_C620::Motor_C620(unsigned char)    0x0800454d   Thumb Code    20  chassis_task.o(i._ZN10Motor_C620C1Eh)
    Motor_C620::Motor_C620__sub_object(unsigned char) 0x0800454d   Thumb Code     0  chassis_task.o(i._ZN10Motor_C620C1Eh)
    Motor_C620::~Motor_C620()                0x08004565   Thumb Code     2  user_debug.o(i._ZN10Motor_C620D1Ev)
    Motor_C620::~Motor_C620__sub_object()    0x08004565   Thumb Code     0  user_debug.o(i._ZN10Motor_C620D1Ev)
    Motor_Speed::update_speed(unsigned char*) 0x08004567   Thumb Code    12  chassis_swerve.o(i._ZN11Motor_Speed12update_speedEPh)
    Motor_Speed::Motor_Speed__sub_object(unsigned char) 0x08004575   Thumb Code    38  user_debug.o(i._ZN11Motor_SpeedC2Eh)
    Chassis_Base::ChassisVel_Trans_MotorRPM(float, float) 0x080045a5   Thumb Code    22  omni_chassis.o(i._ZN12Chassis_Base25ChassisVel_Trans_MotorRPMEff)
    Omni_Chassis::Motor_Control()            0x080045c5   Thumb Code    10  omni_chassis.o(i._ZN12Omni_Chassis13Motor_ControlEv)
    Omni_Chassis::Pid_Mode_Init(int, float, float, bool, bool) 0x080045d5   Thumb Code    28  omni_chassis.o(i._ZN12Omni_Chassis13Pid_Mode_InitEiffbb)
    Omni_Chassis::Pid_Param_Init(int, float, float, float, float, float, float) 0x080045f1   Thumb Code    32  omni_chassis.o(i._ZN12Omni_Chassis14Pid_Param_InitEiffffff)
    Omni_Chassis::Velocity_Calculate(Robot_Twist_t) 0x08004611   Thumb Code   590  omni_chassis.o(i._ZN12Omni_Chassis18Velocity_CalculateE13Robot_Twist_t)
    Omni_Chassis::Control(Robot_Twist_t)     0x0800485f   Thumb Code   104  omni_chassis.o(i._ZN12Omni_Chassis7ControlE13Robot_Twist_t)
    Omni_Chassis::Omni_Chassis(float, float, int, float) 0x080048c9   Thumb Code   280  chassis_task.o(i._ZN12Omni_ChassisC1Effif)
    Omni_Chassis::Omni_Chassis__sub_object(float, float, int, float) 0x080048c9   Thumb Code     0  chassis_task.o(i._ZN12Omni_ChassisC1Effif)
    Omni_Chassis::~Omni_Chassis()            0x08004a01   Thumb Code    22  chassis_task.o(i._ZN12Omni_ChassisD1Ev)
    Omni_Chassis::~Omni_Chassis__sub_object() 0x08004a01   Thumb Code     0  chassis_task.o(i._ZN12Omni_ChassisD1Ev)
    TrapePlanner::Plan(float, float, float)  0x08004a1d   Thumb Code   578  speed_plan.o(i._ZN12TrapePlanner4PlanEfff)
    TrapePlanner::Reset()                    0x08004c65   Thumb Code    10  speed_plan.o(i._ZN12TrapePlanner5ResetEv)
    LowPassFilter::f(float)                  0x08004c6f   Thumb Code    20  filter.o(i._ZN13LowPassFilter1fEf)
    LowPassFilter::in(float)                 0x08004c83   Thumb Code    14  filter.o(i._ZN13LowPassFilter2inEf)
    LowPassFilter::out()                     0x08004c91   Thumb Code    30  filter.o(i._ZN13LowPassFilter3outEv)
    LowPassFilter::LowPassFilter(float)      0x08004cb1   Thumb Code    18  chassis_task.o(i._ZN13LowPassFilterC1Ef)
    LowPassFilter::LowPassFilter__sub_object(float) 0x08004cb1   Thumb Code     0  chassis_task.o(i._ZN13LowPassFilterC1Ef)
    PID::PID_Mode_Init(float, float, bool, bool) 0x08004cc9   Thumb Code    16  chassis_task.o(i._ZN3PID13PID_Mode_InitEffbb)
    PID::PID_Param_Init(float, float, float, float, float, float) 0x08004cd9   Thumb Code    22  pid.o(i._ZN3PID14PID_Param_InitEffffff)
    PID::Adjust()                            0x08004cf1   Thumb Code   520  pid.o(i._ZN3PID6AdjustEv)
    PID::PID()                               0x08004efd   Thumb Code   136  chassis_task.o(i._ZN3PIDC1Ev)
    PID::PID__sub_object()                   0x08004efd   Thumb Code     0  chassis_task.o(i._ZN3PIDC1Ev)
    VESC::update_vesc(CAN_RxMessage*)        0x08004f8d   Thumb Code    28  service_communication.o(i._ZN4VESC11update_vescEP13CAN_RxMessage)
    VESC::update_angle(unsigned char*)       0x08004fa9   Thumb Code    30  chassis_swerve.o(i._ZN4VESC12update_angleEPh)
    VESC::update_speed(unsigned char*)       0x08004fcd   Thumb Code    82  chassis_swerve.o(i._ZN4VESC12update_speedEPh)
    VESC::CanMsg_Process(CAN_TxMsg&)         0x08005029   Thumb Code   196  chassis_swerve.o(i._ZN4VESC14CanMsg_ProcessER9CAN_TxMsg)
    VESC::update(unsigned char*)             0x080050f5   Thumb Code    24  chassis_swerve.o(i._ZN4VESC6updateEPh)
    VESC::VESC(unsigned char)                0x0800510d   Thumb Code    28  chassis_task.o(i._ZN4VESCC1Eh)
    VESC::VESC__sub_object(unsigned char)    0x0800510d   Thumb Code     0  chassis_task.o(i._ZN4VESCC1Eh)
    VESC::~VESC()                            0x08005131   Thumb Code     2  chassis_swerve.o(i._ZN4VESCD1Ev)
    VESC::~VESC__sub_object()                0x08005131   Thumb Code     0  chassis_swerve.o(i._ZN4VESCD1Ev)
    AirJoy::data_update(unsigned short, unsigned short) 0x08005135   Thumb Code   154  air_joy.o(i._ZN6AirJoy11data_updateEtt)
    Launcher::PitchControl(float)            0x080051d5   Thumb Code   182  launcher.o(i._ZN8Launcher12PitchControlEf)
    Launcher::ShootControl(bool, bool, float) 0x080052a1   Thumb Code   182  launcher.o(i._ZN8Launcher12ShootControlEbbf)
    Launcher::Pid_Mode_Init(int, float, float, bool, bool) 0x08005361   Thumb Code    38  chassis_task.o(i._ZN8Launcher13Pid_Mode_InitEiffbb)
    Launcher::Pid_Param_Init(int, float, float, float, float, float, float) 0x08005387   Thumb Code    30  chassis_task.o(i._ZN8Launcher14Pid_Param_InitEiffffff)
    Launcher::LaunchMotorCtrl()              0x080053a5   Thumb Code    78  launcher.o(i._ZN8Launcher15LaunchMotorCtrlEv)
    Launcher::Reset()                        0x08005401   Thumb Code   124  launcher.o(i._ZN8Launcher5ResetEv)
    Launcher::Launcher(float, float)         0x0800548d   Thumb Code   216  chassis_task.o(i._ZN8LauncherC1Eff)
    Launcher::Launcher__sub_object(float, float) 0x0800548d   Thumb Code     0  chassis_task.o(i._ZN8LauncherC1Eff)
    Launcher::~Launcher()                    0x08005579   Thumb Code    36  chassis_task.o(i._ZN8LauncherD1Ev)
    Launcher::~Launcher__sub_object()        0x08005579   Thumb Code     0  chassis_task.o(i._ZN8LauncherD1Ev)
    PidTimer::update_timeStamp()             0x080055a5   Thumb Code    98  pid.o(i._ZN8PidTimer16update_timeStampEv)
    PidTimer::getMicroTick_regist(unsigned(*)()) 0x08005615   Thumb Code    16  pid.o(i._ZN8PidTimer19getMicroTick_registEPFjvE)
    DM_Driver::~DM_Driver()                  0x08005629   Thumb Code     2  service_config.o(i._ZN9DM_DriverD1Ev)
    DM_Driver::~DM_Driver__sub_object()      0x08005629   Thumb Code     0  service_config.o(i._ZN9DM_DriverD1Ev)
    Motor_Base::ENCODER_ANGLE_RATIO() const  0x0800562d   Thumb Code     6  chassis_swerve.o(i._ZNK10Motor_Base19ENCODER_ANGLE_RATIOEv)
    Motor_Base::GET_MOTOR_DESCRIPTION() const 0x08005639   Thumb Code     4  chassis_swerve.o(i._ZNK10Motor_Base21GET_MOTOR_DESCRIPTIONEv)
    Motor_C620::MAX_CURRENT() const          0x0800563d   Thumb Code     6  user_debug.o(i._ZNK10Motor_C62011MAX_CURRENTEv)
    Motor_C620::GET_MOTOR_DESCRIPTION() const 0x08005649   Thumb Code     4  user_debug.o(i._ZNK10Motor_C62021GET_MOTOR_DESCRIPTIONEv)
    VESC::GET_MOTOR_FLAG() const             0x0800564d   Thumb Code     4  chassis_swerve.o(i._ZNK4VESC14GET_MOTOR_FLAGEv)
    RM_Common::send_id_low() const           0x08005651   Thumb Code     6  user_debug.o(i._ZNK9RM_Common11send_id_lowEv)
    RM_Common::send_id_high() const          0x08005657   Thumb Code     6  user_debug.o(i._ZNK9RM_Common12send_id_highEv)
    RM_Common::GET_MOTOR_FLAG() const        0x0800565d   Thumb Code     4  user_debug.o(i._ZNK9RM_Common14GET_MOTOR_FLAGEv)
    std::cos(float)                          0x08005661   Thumb Code     4  chassis_swerve.o(i._ZSt3cosf)
    std::sin(float)                          0x08005665   Thumb Code     4  chassis_swerve.o(i._ZSt3sinf)
    std::sqrt(float)                         0x08005669   Thumb Code     4  speed_plan.o(i._ZSt4sqrtf)
    __ARM_fpclassifyf                        0x0800566d   Thumb Code    38  fpclassifyf.o(i.__ARM_fpclassifyf)
    __aeabi_vec_ctor_nocookie_nodtor         0x080056b3   Thumb Code    36  aeabi_vec_ctor_nocookie_nodtor.o(i.__aeabi_vec_ctor_nocookie_nodtor)
    __cxa_guard_acquire                      0x080056d7   Thumb Code    16  cxa_guard_acquire.o(i.__cxa_guard_acquire)
    __hardfp_cosf                            0x080056e9   Thumb Code   280  cosf.o(i.__hardfp_cosf)
    __hardfp_sinf                            0x08005839   Thumb Code   344  sinf.o(i.__hardfp_sinf)
    __hardfp_sqrtf                           0x080059c9   Thumb Code    58  sqrtf.o(i.__hardfp_sqrtf)
    __mathlib_flt_infnan                     0x08005a03   Thumb Code     6  funder.o(i.__mathlib_flt_infnan)
    __mathlib_flt_invalid                    0x08005a09   Thumb Code    10  funder.o(i.__mathlib_flt_invalid)
    __mathlib_flt_underflow                  0x08005a19   Thumb Code    10  funder.o(i.__mathlib_flt_underflow)
    __mathlib_rredf2                         0x08005a29   Thumb Code   316  rredf.o(i.__mathlib_rredf2)
    comm_can_transmit_extid                  0x08005cdd   Thumb Code    48  drive_can.o(i.comm_can_transmit_extid)
    comm_can_transmit_stdid                  0x08005d0d   Thumb Code    46  drive_can.o(i.comm_can_transmit_stdid)
    main                                     0x08005d3b   Thumb Code    58  main.o(i.main)
    osDelay                                  0x08005d75   Thumb Code    28  cmsis_os2.o(i.osDelay)
    osKernelInitialize                       0x08005d91   Thumb Code    34  cmsis_os2.o(i.osKernelInitialize)
    osKernelStart                            0x08005db9   Thumb Code    48  cmsis_os2.o(i.osKernelStart)
    osThreadNew                              0x08005df1   Thumb Code   186  cmsis_os2.o(i.osThreadNew)
    pvPortMalloc                             0x080066c5   Thumb Code   214  heap_4.o(i.pvPortMalloc)
    pxPortInitialiseStack                    0x080067a1   Thumb Code    30  port.o(i.pxPortInitialiseStack)
    uxListRemove                             0x080067c5   Thumb Code    38  list.o(i.uxListRemove)
    vApplicationGetIdleTaskMemory            0x080067ed   Thumb Code    16  cmsis_os2.o(i.vApplicationGetIdleTaskMemory)
    vApplicationGetTimerTaskMemory           0x08006801   Thumb Code    18  cmsis_os2.o(i.vApplicationGetTimerTaskMemory)
    vListInitialise                          0x08006819   Thumb Code    22  list.o(i.vListInitialise)
    vListInitialiseItem                      0x0800682f   Thumb Code     6  list.o(i.vListInitialiseItem)
    vListInsert                              0x08006835   Thumb Code    48  list.o(i.vListInsert)
    vListInsertEnd                           0x08006865   Thumb Code    24  list.o(i.vListInsertEnd)
    vPortEnterCritical                       0x0800687d   Thumb Code    54  port.o(i.vPortEnterCritical)
    vPortExitCritical                        0x080068bd   Thumb Code    38  port.o(i.vPortExitCritical)
    vPortFree                                0x080068e9   Thumb Code    94  heap_4.o(i.vPortFree)
    vPortSetupTimerInterrupt                 0x0800694d   Thumb Code    32  port.o(i.vPortSetupTimerInterrupt)
    vPortValidateInterruptPriority           0x08006971   Thumb Code    74  port.o(i.vPortValidateInterruptPriority)
    vQueueAddToRegistry                      0x080069c5   Thumb Code    32  queue.o(i.vQueueAddToRegistry)
    vQueueWaitForMessageRestricted           0x080069e9   Thumb Code    70  queue.o(i.vQueueWaitForMessageRestricted)
    vTaskDelay                               0x08006a31   Thumb Code    70  tasks.o(i.vTaskDelay)
    vTaskInternalSetTimeOutState             0x08006a81   Thumb Code    12  tasks.o(i.vTaskInternalSetTimeOutState)
    vTaskMissedYield                         0x08006a91   Thumb Code     8  tasks.o(i.vTaskMissedYield)
    vTaskPlaceOnEventList                    0x08006a9d   Thumb Code    46  tasks.o(i.vTaskPlaceOnEventList)
    vTaskPlaceOnEventListRestricted          0x08006ad1   Thumb Code    54  tasks.o(i.vTaskPlaceOnEventListRestricted)
    vTaskStartScheduler                      0x08006b0d   Thumb Code   126  tasks.o(i.vTaskStartScheduler)
    vTaskSuspendAll                          0x08006b9d   Thumb Code    10  tasks.o(i.vTaskSuspendAll)
    vTaskSwitchContext                       0x08006bad   Thumb Code    94  tasks.o(i.vTaskSwitchContext)
    xPortStartScheduler                      0x08006c15   Thumb Code   222  port.o(i.xPortStartScheduler)
    xPortSysTickHandler                      0x08006d09   Thumb Code    38  port.o(i.xPortSysTickHandler)
    xQueueGenericCreate                      0x08006d35   Thumb Code    68  queue.o(i.xQueueGenericCreate)
    xQueueGenericCreateStatic                0x08006d79   Thumb Code   108  queue.o(i.xQueueGenericCreateStatic)
    xQueueGenericReset                       0x08006de5   Thumb Code   134  queue.o(i.xQueueGenericReset)
    xQueueGenericSend                        0x08006e71   Thumb Code   352  queue.o(i.xQueueGenericSend)
    xQueueGenericSendFromISR                 0x08006fd5   Thumb Code   192  queue.o(i.xQueueGenericSendFromISR)
    xQueueReceive                            0x08007095   Thumb Code   310  queue.o(i.xQueueReceive)
    xTaskCheckForTimeOut                     0x080071d1   Thumb Code   118  tasks.o(i.xTaskCheckForTimeOut)
    xTaskCreate                              0x0800724d   Thumb Code   100  tasks.o(i.xTaskCreate)
    xTaskCreateStatic                        0x080072b1   Thumb Code    92  tasks.o(i.xTaskCreateStatic)
    xTaskGetSchedulerState                   0x0800730d   Thumb Code    24  tasks.o(i.xTaskGetSchedulerState)
    xTaskGetTickCount                        0x08007329   Thumb Code     6  tasks.o(i.xTaskGetTickCount)
    xTaskIncrementTick                       0x08007335   Thumb Code   196  tasks.o(i.xTaskIncrementTick)
    xTaskPriorityDisinherit                  0x08007401   Thumb Code   116  tasks.o(i.xTaskPriorityDisinherit)
    xTaskRemoveFromEventList                 0x0800747d   Thumb Code   106  tasks.o(i.xTaskRemoveFromEventList)
    xTaskResumeAll                           0x080074f5   Thumb Code   184  tasks.o(i.xTaskResumeAll)
    xTimerCreateTimerTask                    0x080075bd   Thumb Code    86  timers.o(i.xTimerCreateTimerTask)
    xTimerGenericCommand                     0x08007625   Thumb Code   104  timers.o(i.xTimerGenericCommand)
    void Motor_SendMsgs<Motor_C620, (int)2>(CAN_HandleTypeDef*, T1(&)[T2]) 0x08007691   Thumb Code   256  launcher.o(t._Z14Motor_SendMsgsI10Motor_C620Li2EEvP17CAN_HandleTypeDefRAT0__T_)
    void Motor_SendMsgs<Motor_C620, (int)4>(CAN_HandleTypeDef*, T1(&)[T2]) 0x080077a1   Thumb Code   256  omni_chassis.o(t._Z14Motor_SendMsgsI10Motor_C620Li4EEvP17CAN_HandleTypeDefRAT0__T_)
    void Motor_SendMsgs<VESC>(CAN_HandleTypeDef*, T1&) 0x080078b1   Thumb Code   140  chassis_swerve.o(t._Z14Motor_SendMsgsI4VESCEvP17CAN_HandleTypeDefRT_)
    void Motor_SendMsgs<VESC, (int)1>(CAN_HandleTypeDef*, T1(&)[T2]) 0x0800794d   Thumb Code   252  chassis_swerve.o(t._Z14Motor_SendMsgsI4VESCLi1EEvP17CAN_HandleTypeDefRAT0__T_)
    void _tool_Constrain<float>(T1*, T1, T1) 0x08007a59   Thumb Code    36  pid.o(t._Z15_tool_ConstrainIfEvPT_S0_S0_)
    void motor_constraint<float>(T1*, T1, T1) 0x08007a7d   Thumb Code    36  user_debug.o(t._Z16motor_constraintIfEvPT_S0_S0_)
    T1 _tool_Abs<float>(T1)                  0x08007aa1   Thumb Code    16  pid.o(t._Z9_tool_AbsIfET_S0_)
    T1 _tool_Abs<int>(T1)                    0x08007ab1   Thumb Code     8  fsm_joy.o(t._Z9_tool_AbsIiET_S0_)
    __aeabi_d2f                              0x08007ab9   Thumb Code     0  d2f.o(x$fpl$d2f)
    _d2f                                     0x08007ab9   Thumb Code    98  d2f.o(x$fpl$d2f)
    __aeabi_dadd                             0x08007b1d   Thumb Code     0  daddsub_clz.o(x$fpl$dadd)
    _dadd                                    0x08007b1d   Thumb Code   332  daddsub_clz.o(x$fpl$dadd)
    __aeabi_ddiv                             0x08007c6d   Thumb Code     0  ddiv.o(x$fpl$ddiv)
    _ddiv                                    0x08007c6d   Thumb Code   552  ddiv.o(x$fpl$ddiv)
    __aeabi_i2d                              0x08007f1d   Thumb Code     0  dflt_clz.o(x$fpl$dflt)
    _dflt                                    0x08007f1d   Thumb Code    46  dflt_clz.o(x$fpl$dflt)
    __aeabi_dmul                             0x08007f4d   Thumb Code     0  dmul.o(x$fpl$dmul)
    _dmul                                    0x08007f4d   Thumb Code   332  dmul.o(x$fpl$dmul)
    __fpl_dnaninf                            0x080080a1   Thumb Code   156  dnaninf.o(x$fpl$dnaninf)
    __fpl_dretinf                            0x0800813d   Thumb Code    12  dretinf.o(x$fpl$dretinf)
    __aeabi_dsub                             0x08008149   Thumb Code     0  daddsub_clz.o(x$fpl$dsub)
    _dsub                                    0x08008149   Thumb Code   464  daddsub_clz.o(x$fpl$dsub)
    __aeabi_f2d                              0x0800831d   Thumb Code     0  f2d.o(x$fpl$f2d)
    _f2d                                     0x0800831d   Thumb Code    86  f2d.o(x$fpl$f2d)
    __fpl_fnaninf                            0x08008373   Thumb Code   140  fnaninf.o(x$fpl$fnaninf)
    _fp_init                                 0x080083ff   Thumb Code    10  fpinit.o(x$fpl$fpinit)
    __fplib_config_fpu_vfp                   0x08008407   Thumb Code     0  fpinit.o(x$fpl$fpinit)
    __fplib_config_pureend_doubles           0x08008407   Thumb Code     0  fpinit.o(x$fpl$fpinit)
    __fpl_fretinf                            0x08008409   Thumb Code    10  fretinf.o(x$fpl$fretinf)
    __I$use$fp                               0x08008412   Number         0  usenofp.o(x$fpl$usenofp)
    CAN1_Send_attributes                     0x08008414   Data          36  freertos.o(.constdata)
    chassic_attributes                       0x08008438   Data          36  freertos.o(.constdata)
    CAN2_Send_attributes                     0x0800845c   Data          36  freertos.o(.constdata)
    user_debug_attributes                    0x08008480   Data          36  freertos.o(.constdata)
    Air_Joy_attributes                       0x080084a4   Data          36  freertos.o(.constdata)
    AHBPrescTable                            0x080084d0   Data          16  system_stm32f4xx.o(.constdata)
    APBPrescTable                            0x080084e0   Data           8  system_stm32f4xx.o(.constdata)
    vtable for Motor_Base                    0x0800857c   Data          56  chassis_swerve.o(.constdata__ZTV10Motor_Base)
    vtable for Motor_C620                    0x080085b4   Data          72  user_debug.o(.constdata__ZTV10Motor_C620)
    vtable for Motor_Speed                   0x080085fc   Data          64  chassis_swerve.o(.constdata__ZTV11Motor_Speed)
    vtable for TrapePlanner                  0x0800863c   Data          20  speed_plan.o(.constdata__ZTV12TrapePlanner)
    vtable for VESC                          0x08008650   Data          64  chassis_swerve.o(.constdata__ZTV4VESC)
    vtable for DM_Driver                     0x08008690   Data          68  service_config.o(.constdata__ZTV9DM_Driver)
    Region$$Table$$Base                      0x08008708   Number         0  anon$$obj.o(Region$$Table)
    Region$$Table$$Limit                     0x08008728   Number         0  anon$$obj.o(Region$$Table)
    SHT$$INIT_ARRAY$$Base                    0x08008728   Number         0  air_joy.o(.init_array)
    SHT$$INIT_ARRAY$$Limit                   0x08008734   Number         0  init_aeabi.o(.init_array)
    CAN1_SendHandle                          0x20000000   Data           4  freertos.o(.data)
    chassicHandle                            0x20000004   Data           4  freertos.o(.data)
    CAN2_SendHandle                          0x20000008   Data           4  freertos.o(.data)
    user_debugHandle                         0x2000000c   Data           4  freertos.o(.data)
    Air_JoyHandle                            0x20000010   Data           4  freertos.o(.data)
    uwTickFreq                               0x20000018   Data           1  stm32f4xx_hal.o(.data)
    uwTickPrio                               0x2000001c   Data           4  stm32f4xx_hal.o(.data)
    uwTick                                   0x20000020   Data           4  stm32f4xx_hal.o(.data)
    SystemCoreClock                          0x20000024   Data           4  system_stm32f4xx.o(.data)
    pxCurrentTCB                             0x20000028   Data           4  tasks.o(.data)
    SystemTimerCnt                           0x200000b0   Data           4  drive_tim.o(.data)
    Timer_Manager                            0x200000b4   Data           8  drive_tim.o(.data)
    PidTimer::get_systemTick                 0x200000c0   Data           4  pid.o(.data)
    CAN1_TxPort                              0x200000dc   Data           4  data_pool.o(.data)
    CAN2_TxPort                              0x200000e0   Data           4  data_pool.o(.data)
    UART_TxPort                              0x200000e4   Data           4  data_pool.o(.data)
    Recieve_ROS_Port                         0x200000e8   Data           4  data_pool.o(.data)
    Send_ROS_Port                            0x200000ec   Data           4  data_pool.o(.data)
    Chassia_Port                             0x200000f0   Data           4  data_pool.o(.data)
    Broadcast_Port                           0x200000f4   Data           4  data_pool.o(.data)
    target_angle                             0x200000f8   Data           4  chassis_task.o(.data)
    hcan1                                    0x20000104   Data          40  can.o(.bss)
    hcan2                                    0x2000012c   Data          40  can.o(.bss)
    htim4                                    0x20000154   Data          72  tim.o(.bss)
    htim10                                   0x2000019c   Data          72  tim.o(.bss)
    huart1                                   0x200001e4   Data          72  usart.o(.bss)
    huart3                                   0x2000022c   Data          72  usart.o(.bss)
    hdma_usart1_tx                           0x20000274   Data          96  usart.o(.bss)
    hdma_usart1_rx                           0x200002d4   Data          96  usart.o(.bss)
    hdma_usart3_rx                           0x20000334   Data          96  usart.o(.bss)
    hdma_usart3_tx                           0x20000394   Data          96  usart.o(.bss)
    htim3                                    0x200003f4   Data          72  stm32f4xx_hal_timebase_tim.o(.bss)
    xQueueRegistry                           0x2000043c   Data          64  queue.o(.bss)
    usart1_manager                           0x20004d58   Data          16  drive_uart.o(.bss)
    usart2_manager                           0x20004d68   Data          16  drive_uart.o(.bss)
    usart3_manager                           0x20004d78   Data          16  drive_uart.o(.bss)
    usart6_manager                           0x20004d88   Data          16  drive_uart.o(.bss)
    usart4_manager                           0x20004d98   Data          16  drive_uart.o(.bss)
    ACTION_GL_POS_DATA                       0x20004da8   Data          48  action.o(.bss)
    ROBOT_REAL_POS_DATA                      0x20004dd8   Data          12  action.o(.bss)
    air_joy                                  0x20004de4   Data          60  air_joy.o(.bss)
    Uart4_Rx_Buff                            0x20004e20   Data          35  data_pool.o(.bss)
    M3508                                    0x20004e44   Data          44  user_debug.o(.bss)
    MD4219                                   0x20004e70   Data          56  user_debug.o(.bss)
    DM43                                     0x20004ea8   Data          88  user_debug.o(.bss)
    chassis                                  0x20004f00   Data         824  chassis_task.o(.bss)
    launch                                   0x20005238   Data         720  chassis_task.o(.bss)
    ctrl                                     0x20005508   Data          32  chassis_task.o(.bss)
    __libspace_start                         0x20005548   Data          96  libspace.o(.bss)
    __temporary_stack_top$libspace           0x200055a8   Data           0  libspace.o(.bss)



==============================================================================

Memory Map of the image

  Image Entry point : 0x08000189

  Load Region LR_IROM1 (Base: 0x08000000, Size: 0x00008838, Max: 0x00100000, ABSOLUTE)

    Execution Region ER_IROM1 (Exec base: 0x08000000, Load base: 0x08000000, Size: 0x00008734, Max: 0x00100000, ABSOLUTE)

    Exec Addr    Load Addr    Size         Type   Attr      Idx    E Section Name        Object

    0x08000000   0x08000000   0x00000188   Data   RO            3    RESET               startup_stm32f407xx.o
    0x08000188   0x08000188   0x00000008   Code   RO         7581  * !!!main             c_w.l(__main.o)
    0x08000190   0x08000190   0x00000034   Code   RO         8158    !!!scatter          c_w.l(__scatter.o)
    0x080001c4   0x080001c4   0x0000001a   Code   RO         8160    !!handler_copy      c_w.l(__scatter_copy.o)
    0x080001de   0x080001de   0x00000002   PAD
    0x080001e0   0x080001e0   0x0000001c   Code   RO         8162    !!handler_zi        c_w.l(__scatter_zi.o)
    0x080001fc   0x080001fc   0x00000002   Code   RO         8098    .ARM.Collect$$libinit$$00000000  c_w.l(libinit.o)
    0x080001fe   0x080001fe   0x00000004   Code   RO         7866    .ARM.Collect$$libinit$$00000001  c_w.l(libinit2.o)
    0x08000202   0x08000202   0x00000000   Code   RO         7869    .ARM.Collect$$libinit$$00000004  c_w.l(libinit2.o)
    0x08000202   0x08000202   0x00000008   Code   RO         7870    .ARM.Collect$$libinit$$00000005  c_w.l(libinit2.o)
    0x0800020a   0x0800020a   0x00000000   Code   RO         7872    .ARM.Collect$$libinit$$0000000A  c_w.l(libinit2.o)
    0x0800020a   0x0800020a   0x00000000   Code   RO         7874    .ARM.Collect$$libinit$$0000000C  c_w.l(libinit2.o)
    0x0800020a   0x0800020a   0x00000000   Code   RO         7876    .ARM.Collect$$libinit$$0000000E  c_w.l(libinit2.o)
    0x0800020a   0x0800020a   0x00000000   Code   RO         7879    .ARM.Collect$$libinit$$00000011  c_w.l(libinit2.o)
    0x0800020a   0x0800020a   0x00000000   Code   RO         7881    .ARM.Collect$$libinit$$00000013  c_w.l(libinit2.o)
    0x0800020a   0x0800020a   0x00000000   Code   RO         7883    .ARM.Collect$$libinit$$00000015  c_w.l(libinit2.o)
    0x0800020a   0x0800020a   0x00000000   Code   RO         7885    .ARM.Collect$$libinit$$00000017  c_w.l(libinit2.o)
    0x0800020a   0x0800020a   0x00000000   Code   RO         7887    .ARM.Collect$$libinit$$00000019  c_w.l(libinit2.o)
    0x0800020a   0x0800020a   0x00000000   Code   RO         7889    .ARM.Collect$$libinit$$0000001B  c_w.l(libinit2.o)
    0x0800020a   0x0800020a   0x00000000   Code   RO         7891    .ARM.Collect$$libinit$$0000001D  c_w.l(libinit2.o)
    0x0800020a   0x0800020a   0x00000000   Code   RO         7893    .ARM.Collect$$libinit$$0000001F  c_w.l(libinit2.o)
    0x0800020a   0x0800020a   0x00000000   Code   RO         7895    .ARM.Collect$$libinit$$00000021  c_w.l(libinit2.o)
    0x0800020a   0x0800020a   0x00000000   Code   RO         7897    .ARM.Collect$$libinit$$00000023  c_w.l(libinit2.o)
    0x0800020a   0x0800020a   0x00000000   Code   RO         7899    .ARM.Collect$$libinit$$00000025  c_w.l(libinit2.o)
    0x0800020a   0x0800020a   0x00000000   Code   RO         7903    .ARM.Collect$$libinit$$0000002C  c_w.l(libinit2.o)
    0x0800020a   0x0800020a   0x00000000   Code   RO         7905    .ARM.Collect$$libinit$$0000002E  c_w.l(libinit2.o)
    0x0800020a   0x0800020a   0x00000000   Code   RO         7907    .ARM.Collect$$libinit$$00000030  c_w.l(libinit2.o)
    0x0800020a   0x0800020a   0x00000004   Code   RO         7908    .ARM.Collect$$libinit$$00000031  c_w.l(libinit2.o)
    0x0800020e   0x0800020e   0x00000000   Code   RO         7909    .ARM.Collect$$libinit$$00000032  c_w.l(libinit2.o)
    0x0800020e   0x0800020e   0x00000002   Code   RO         7910    .ARM.Collect$$libinit$$00000033  c_w.l(libinit2.o)
    0x08000210   0x08000210   0x00000002   Code   RO         8155    .ARM.Collect$$libshutdown$$00000000  c_w.l(libshutdown.o)
    0x08000212   0x08000212   0x00000006   Code   RO         8017    .ARM.Collect$$libshutdown$$00000001  c_w.l(libshutdown2.o)
    0x08000218   0x08000218   0x00000000   Code   RO         8018    .ARM.Collect$$libshutdown$$00000002  c_w.l(libshutdown2.o)
    0x08000218   0x08000218   0x00000000   Code   RO         8020    .ARM.Collect$$libshutdown$$00000004  c_w.l(libshutdown2.o)
    0x08000218   0x08000218   0x00000000   Code   RO         8023    .ARM.Collect$$libshutdown$$00000007  c_w.l(libshutdown2.o)
    0x08000218   0x08000218   0x00000000   Code   RO         8026    .ARM.Collect$$libshutdown$$0000000A  c_w.l(libshutdown2.o)
    0x08000218   0x08000218   0x00000000   Code   RO         8028    .ARM.Collect$$libshutdown$$0000000C  c_w.l(libshutdown2.o)
    0x08000218   0x08000218   0x00000000   Code   RO         8031    .ARM.Collect$$libshutdown$$0000000F  c_w.l(libshutdown2.o)
    0x08000218   0x08000218   0x00000002   Code   RO         8032    .ARM.Collect$$libshutdown$$00000010  c_w.l(libshutdown2.o)
    0x0800021a   0x0800021a   0x00000000   Code   RO         7783    .ARM.Collect$$rtentry$$00000000  c_w.l(__rtentry.o)
    0x0800021a   0x0800021a   0x00000000   Code   RO         7961    .ARM.Collect$$rtentry$$00000002  c_w.l(__rtentry2.o)
    0x0800021a   0x0800021a   0x00000006   Code   RO         7973    .ARM.Collect$$rtentry$$00000004  c_w.l(__rtentry4.o)
    0x08000220   0x08000220   0x00000000   Code   RO         7963    .ARM.Collect$$rtentry$$00000009  c_w.l(__rtentry2.o)
    0x08000220   0x08000220   0x00000004   Code   RO         7964    .ARM.Collect$$rtentry$$0000000A  c_w.l(__rtentry2.o)
    0x08000224   0x08000224   0x00000000   Code   RO         7966    .ARM.Collect$$rtentry$$0000000C  c_w.l(__rtentry2.o)
    0x08000224   0x08000224   0x00000008   Code   RO         7967    .ARM.Collect$$rtentry$$0000000D  c_w.l(__rtentry2.o)
    0x0800022c   0x0800022c   0x00000002   Code   RO         8114    .ARM.Collect$$rtexit$$00000000  c_w.l(rtexit.o)
    0x0800022e   0x0800022e   0x00000000   Code   RO         8131    .ARM.Collect$$rtexit$$00000002  c_w.l(rtexit2.o)
    0x0800022e   0x0800022e   0x00000004   Code   RO         8132    .ARM.Collect$$rtexit$$00000003  c_w.l(rtexit2.o)
    0x08000232   0x08000232   0x00000006   Code   RO         8133    .ARM.Collect$$rtexit$$00000004  c_w.l(rtexit2.o)
    0x08000238   0x08000238   0x000000be   Code   RO         5230    .emb_text           port.o
    0x080002f6   0x080002f6   0x00000002   PAD
    0x080002f8   0x080002f8   0x00000000   Code   RO         8064    .emb_text           c_w.l(maybetermalloc1.o)
    0x080002f8   0x080002f8   0x00000040   Code   RO            4    .text               startup_stm32f407xx.o
    0x08000338   0x08000338   0x000000ee   Code   RO         7561    .text               c_w.l(lludivv7m.o)
    0x08000426   0x08000426   0x0000002e   Code   RO         7566    .text               c_w.l(aeabi_atexit.o)
    0x08000454   0x08000454   0x0000008a   Code   RO         7569    .text               c_w.l(rt_memcpy_v6.o)
    0x080004de   0x080004de   0x00000064   Code   RO         7571    .text               c_w.l(rt_memcpy_w.o)
    0x08000542   0x08000542   0x00000010   Code   RO         7575    .text               c_w.l(aeabi_memset.o)
    0x08000552   0x08000552   0x0000004e   Code   RO         7577    .text               c_w.l(rt_memclr_w.o)
    0x080005a0   0x080005a0   0x00000006   Code   RO         7579    .text               c_w.l(heapauxi.o)
    0x080005a6   0x080005a6   0x00000002   PAD
    0x080005a8   0x080005a8   0x00000024   Code   RO         7586    .text               c_w.l(init_aeabi.o)
    0x080005cc   0x080005cc   0x00000022   Code   RO         7710    .text               cpprt_w.l(aeabi_vec_dtor_noexceptions.o)
    0x080005ee   0x080005ee   0x00000002   PAD
    0x080005f0   0x080005f0   0x00000008   Code   RO         7791    .text               c_w.l(rt_ddtor_pointer_addr_intlibspace.o)
    0x080005f8   0x080005f8   0x0000005e   Code   RO         7797    .text               c_w.l(h1_alloc.o)
    0x08000656   0x08000656   0x0000004e   Code   RO         7799    .text               c_w.l(h1_free.o)
    0x080006a4   0x080006a4   0x00000016   Code   RO         7855    .text               c_w.l(_rserrno.o)
    0x080006ba   0x080006ba   0x00000042   Code   RO         7857    .text               c_w.l(cxa_finalize.o)
    0x080006fc   0x080006fc   0x00000044   Code   RO         7864    .text               c_w.l(rt_memclr.o)
    0x08000740   0x08000740   0x00000008   Code   RO         7955    .text               c_w.l(libspace.o)
    0x08000748   0x08000748   0x00000008   Code   RO         7982    .text               c_w.l(rt_heap_descriptor_intlibspace.o)
    0x08000750   0x08000750   0x00000008   Code   RO         7987    .text               c_w.l(rt_errno_addr_intlibspace.o)
    0x08000758   0x08000758   0x00000004   Code   RO         7989    .text               c_w.l(hguard.o)
    0x0800075c   0x0800075c   0x0000008a   Code   RO         7991    .text               c_w.l(init_alloc.o)
    0x080007e6   0x080007e6   0x0000000e   Code   RO         7995    .text               c_w.l(h1_init.o)
    0x080007f4   0x080007f4   0x0000000a   Code   RO         8009    .text               c_w.l(defsig_exit.o)
    0x080007fe   0x080007fe   0x00000002   PAD
    0x08000800   0x08000800   0x0000000c   Code   RO         8053    .text               c_w.l(sys_exit.o)
    0x0800080c   0x0800080c   0x0000004a   Code   RO         8055    .text               c_w.l(sys_stackheap_outer.o)
    0x08000856   0x08000856   0x00000034   Code   RO         8066    .text               c_w.l(h1_extend.o)
    0x0800088a   0x0800088a   0x00000012   Code   RO         8070    .text               c_w.l(exit.o)
    0x0800089c   0x0800089c   0x00000032   Code   RO         8076    .text               c_w.l(defsig_general.o)
    0x080008ce   0x080008ce   0x0000000e   Code   RO         8082    .text               c_w.l(defsig_rtmem_outer.o)
    0x080008dc   0x080008dc   0x0000000e   Code   RO         8109    .text               c_w.l(sys_wrch.o)
    0x080008ea   0x080008ea   0x00000002   Code   RO         8111    .text               c_w.l(use_no_semi.o)
    0x080008ec   0x080008ec   0x00000000   Code   RO         8113    .text               c_w.l(indicate_semi.o)
    0x080008ec   0x080008ec   0x00000050   Code   RO         8126    .text               c_w.l(defsig_rtmem_inner.o)
    0x0800093c   0x0800093c   0x00000096   Code   RO         5979    i.Action_UART4_RxCallback  action.o
    0x080009d2   0x080009d2   0x00000002   PAD
    0x080009d4   0x080009d4   0x000001b0   Code   RO         7520    i.Air_Joy_Task      fsm_joy.o
    0x08000b84   0x08000b84   0x00000024   Code   RO         6951    i.App_Init          service_config.o
    0x08000ba8   0x08000ba8   0x00000002   Code   RO          486    i.BusFault_Handler  stm32f4xx_it.o
    0x08000baa   0x08000baa   0x00000002   PAD
    0x08000bac   0x08000bac   0x0000000c   Code   RO          487    i.CAN1_RX0_IRQHandler  stm32f4xx_it.o
    0x08000bb8   0x08000bb8   0x00000054   Code   RO         7079    i.CAN1_RxCallBack   service_communication.o
    0x08000c0c   0x08000c0c   0x0000003c   Code   RO         7080    i.CAN1_Send_Task    service_communication.o
    0x08000c48   0x08000c48   0x0000000c   Code   RO          488    i.CAN1_TX_IRQHandler  stm32f4xx_it.o
    0x08000c54   0x08000c54   0x0000000c   Code   RO          489    i.CAN2_RX0_IRQHandler  stm32f4xx_it.o
    0x08000c60   0x08000c60   0x00000030   Code   RO         7081    i.CAN2_RxCallBack   service_communication.o
    0x08000c90   0x08000c90   0x0000003c   Code   RO         7082    i.CAN2_Send_Task    service_communication.o
    0x08000ccc   0x08000ccc   0x0000000c   Code   RO          490    i.CAN2_TX_IRQHandler  stm32f4xx_it.o
    0x08000cd8   0x08000cd8   0x0000005e   Code   RO         5310    i.CAN_Filter_Init   drive_can.o
    0x08000d36   0x08000d36   0x00000002   PAD
    0x08000d38   0x08000d38   0x00000068   Code   RO         5311    i.CAN_Init          drive_can.o
    0x08000da0   0x08000da0   0x00000150   Code   RO         7346    i.Chassis_Task      chassis_task.o
    0x08000ef0   0x08000ef0   0x0000000c   Code   RO          491    i.DMA1_Stream1_IRQHandler  stm32f4xx_it.o
    0x08000efc   0x08000efc   0x0000000c   Code   RO          492    i.DMA1_Stream3_IRQHandler  stm32f4xx_it.o
    0x08000f08   0x08000f08   0x0000000c   Code   RO          493    i.DMA2_Stream2_IRQHandler  stm32f4xx_it.o
    0x08000f14   0x08000f14   0x0000000c   Code   RO          494    i.DMA2_Stream7_IRQHandler  stm32f4xx_it.o
    0x08000f20   0x08000f20   0x0000002c   Code   RO         2407    i.DMA_CalcBaseAndBitshift  stm32f4xx_hal_dma.o
    0x08000f4c   0x08000f4c   0x00000078   Code   RO         2408    i.DMA_CheckFifoParam  stm32f4xx_hal_dma.o
    0x08000fc4   0x08000fc4   0x0000002a   Code   RO         2409    i.DMA_SetConfig     stm32f4xx_hal_dma.o
    0x08000fee   0x08000fee   0x00000002   PAD
    0x08000ff0   0x08000ff0   0x00000060   Code   RO         6894    i.DataPool_Init     data_pool.o
    0x08001050   0x08001050   0x00000002   Code   RO          495    i.DebugMon_Handler  stm32f4xx_it.o
    0x08001052   0x08001052   0x00000002   PAD
    0x08001054   0x08001054   0x00000050   Code   RO         6019    i.Dribble_Ball      dribble_ball.o
    0x080010a4   0x080010a4   0x00000006   Code   RO          496    i.EXTI9_5_IRQHandler  stm32f4xx_it.o
    0x080010aa   0x080010aa   0x00000004   Code   RO           13    i.Error_Handler     main.o
    0x080010ae   0x080010ae   0x00000002   Code   RO         5496    i.Error_Handler     drive_tim.o
    0x080010b0   0x080010b0   0x0000001c   Code   RO         5497    i.Get_SystemTimer   drive_tim.o
    0x080010cc   0x080010cc   0x00000024   Code   RO         1670    i.HAL_CAN_ActivateNotification  stm32f4xx_hal_can.o
    0x080010f0   0x080010f0   0x000000e2   Code   RO         1671    i.HAL_CAN_AddTxMessage  stm32f4xx_hal_can.o
    0x080011d2   0x080011d2   0x00000002   PAD
    0x080011d4   0x080011d4   0x00000110   Code   RO         1672    i.HAL_CAN_ConfigFilter  stm32f4xx_hal_can.o
    0x080012e4   0x080012e4   0x00000002   Code   RO         1675    i.HAL_CAN_ErrorCallback  stm32f4xx_hal_can.o
    0x080012e6   0x080012e6   0x00000112   Code   RO         1678    i.HAL_CAN_GetRxMessage  stm32f4xx_hal_can.o
    0x080013f8   0x080013f8   0x0000002c   Code   RO         1680    i.HAL_CAN_GetTxMailboxesFreeLevel  stm32f4xx_hal_can.o
    0x08001424   0x08001424   0x000001fc   Code   RO         1682    i.HAL_CAN_IRQHandler  stm32f4xx_hal_can.o
    0x08001620   0x08001620   0x00000152   Code   RO         1683    i.HAL_CAN_Init      stm32f4xx_hal_can.o
    0x08001772   0x08001772   0x00000002   PAD
    0x08001774   0x08001774   0x00000120   Code   RO          312    i.HAL_CAN_MspInit   can.o
    0x08001894   0x08001894   0x00000002   Code   RO         1690    i.HAL_CAN_RxFifo0FullCallback  stm32f4xx_hal_can.o
    0x08001896   0x08001896   0x00000002   PAD
    0x08001898   0x08001898   0x00000058   Code   RO         5312    i.HAL_CAN_RxFifo0MsgPendingCallback  drive_can.o
    0x080018f0   0x080018f0   0x00000002   Code   RO         1692    i.HAL_CAN_RxFifo1FullCallback  stm32f4xx_hal_can.o
    0x080018f2   0x080018f2   0x00000002   PAD
    0x080018f4   0x080018f4   0x00000058   Code   RO         5313    i.HAL_CAN_RxFifo1MsgPendingCallback  drive_can.o
    0x0800194c   0x0800194c   0x00000002   Code   RO         1694    i.HAL_CAN_SleepCallback  stm32f4xx_hal_can.o
    0x0800194e   0x0800194e   0x00000058   Code   RO         1695    i.HAL_CAN_Start     stm32f4xx_hal_can.o
    0x080019a6   0x080019a6   0x00000002   Code   RO         1697    i.HAL_CAN_TxMailbox0AbortCallback  stm32f4xx_hal_can.o
    0x080019a8   0x080019a8   0x00000002   Code   RO         1698    i.HAL_CAN_TxMailbox0CompleteCallback  stm32f4xx_hal_can.o
    0x080019aa   0x080019aa   0x00000002   Code   RO         1699    i.HAL_CAN_TxMailbox1AbortCallback  stm32f4xx_hal_can.o
    0x080019ac   0x080019ac   0x00000002   Code   RO         1700    i.HAL_CAN_TxMailbox1CompleteCallback  stm32f4xx_hal_can.o
    0x080019ae   0x080019ae   0x00000002   Code   RO         1701    i.HAL_CAN_TxMailbox2AbortCallback  stm32f4xx_hal_can.o
    0x080019b0   0x080019b0   0x00000002   Code   RO         1702    i.HAL_CAN_TxMailbox2CompleteCallback  stm32f4xx_hal_can.o
    0x080019b2   0x080019b2   0x00000002   Code   RO         1704    i.HAL_CAN_WakeUpFromRxMsgCallback  stm32f4xx_hal_can.o
    0x080019b4   0x080019b4   0x0000008e   Code   RO         2410    i.HAL_DMA_Abort     stm32f4xx_hal_dma.o
    0x08001a42   0x08001a42   0x00000024   Code   RO         2411    i.HAL_DMA_Abort_IT  stm32f4xx_hal_dma.o
    0x08001a66   0x08001a66   0x00000002   PAD
    0x08001a68   0x08001a68   0x000001d0   Code   RO         2415    i.HAL_DMA_IRQHandler  stm32f4xx_hal_dma.o
    0x08001c38   0x08001c38   0x000000d4   Code   RO         2416    i.HAL_DMA_Init      stm32f4xx_hal_dma.o
    0x08001d0c   0x08001d0c   0x0000006e   Code   RO         2420    i.HAL_DMA_Start_IT  stm32f4xx_hal_dma.o
    0x08001d7a   0x08001d7a   0x00000002   PAD
    0x08001d7c   0x08001d7c   0x00000010   Code   RO         6282    i.HAL_GPIO_EXTI_Callback  air_joy.o
    0x08001d8c   0x08001d8c   0x00000018   Code   RO         2302    i.HAL_GPIO_EXTI_IRQHandler  stm32f4xx_hal_gpio.o
    0x08001da4   0x08001da4   0x000001d0   Code   RO         2303    i.HAL_GPIO_Init     stm32f4xx_hal_gpio.o
    0x08001f74   0x08001f74   0x0000000e   Code   RO         2307    i.HAL_GPIO_WritePin  stm32f4xx_hal_gpio.o
    0x08001f82   0x08001f82   0x00000002   PAD
    0x08001f84   0x08001f84   0x0000000c   Code   RO         2853    i.HAL_GetTick       stm32f4xx_hal.o
    0x08001f90   0x08001f90   0x00000010   Code   RO         2859    i.HAL_IncTick       stm32f4xx_hal.o
    0x08001fa0   0x08001fa0   0x00000034   Code   RO         2860    i.HAL_Init          stm32f4xx_hal.o
    0x08001fd4   0x08001fd4   0x00000098   Code   RO          646    i.HAL_InitTick      stm32f4xx_hal_timebase_tim.o
    0x0800206c   0x0800206c   0x00000038   Code   RO          622    i.HAL_MspInit       stm32f4xx_hal_msp.o
    0x080020a4   0x080020a4   0x0000001a   Code   RO         2695    i.HAL_NVIC_EnableIRQ  stm32f4xx_hal_cortex.o
    0x080020be   0x080020be   0x00000002   PAD
    0x080020c0   0x080020c0   0x00000040   Code   RO         2701    i.HAL_NVIC_SetPriority  stm32f4xx_hal_cortex.o
    0x08002100   0x08002100   0x00000024   Code   RO         2702    i.HAL_NVIC_SetPriorityGrouping  stm32f4xx_hal_cortex.o
    0x08002124   0x08002124   0x0000014c   Code   RO         1904    i.HAL_RCC_ClockConfig  stm32f4xx_hal_rcc.o
    0x08002270   0x08002270   0x0000003c   Code   RO         1908    i.HAL_RCC_GetClockConfig  stm32f4xx_hal_rcc.o
    0x080022ac   0x080022ac   0x0000000c   Code   RO         1909    i.HAL_RCC_GetHCLKFreq  stm32f4xx_hal_rcc.o
    0x080022b8   0x080022b8   0x00000020   Code   RO         1911    i.HAL_RCC_GetPCLK1Freq  stm32f4xx_hal_rcc.o
    0x080022d8   0x080022d8   0x00000020   Code   RO         1912    i.HAL_RCC_GetPCLK2Freq  stm32f4xx_hal_rcc.o
    0x080022f8   0x080022f8   0x00000068   Code   RO         1913    i.HAL_RCC_GetSysClockFreq  stm32f4xx_hal_rcc.o
    0x08002360   0x08002360   0x000003c0   Code   RO         1916    i.HAL_RCC_OscConfig  stm32f4xx_hal_rcc.o
    0x08002720   0x08002720   0x00000002   Code   RO         1402    i.HAL_TIMEx_BreakCallback  stm32f4xx_hal_tim_ex.o
    0x08002722   0x08002722   0x00000002   Code   RO         1403    i.HAL_TIMEx_CommutCallback  stm32f4xx_hal_tim_ex.o
    0x08002724   0x08002724   0x00000090   Code   RO         1421    i.HAL_TIMEx_MasterConfigSynchronization  stm32f4xx_hal_tim_ex.o
    0x080027b4   0x080027b4   0x0000004a   Code   RO          687    i.HAL_TIM_Base_Init  stm32f4xx_hal_tim.o
    0x080027fe   0x080027fe   0x00000002   PAD
    0x08002800   0x08002800   0x00000058   Code   RO          385    i.HAL_TIM_Base_MspInit  tim.o
    0x08002858   0x08002858   0x0000008c   Code   RO          692    i.HAL_TIM_Base_Start_IT  stm32f4xx_hal_tim.o
    0x080028e4   0x080028e4   0x000000e8   Code   RO          696    i.HAL_TIM_ConfigClockSource  stm32f4xx_hal_tim.o
    0x080029cc   0x080029cc   0x00000002   Code   RO          721    i.HAL_TIM_IC_CaptureCallback  stm32f4xx_hal_tim.o
    0x080029ce   0x080029ce   0x00000138   Code   RO          735    i.HAL_TIM_IRQHandler  stm32f4xx_hal_tim.o
    0x08002b06   0x08002b06   0x00000002   PAD
    0x08002b08   0x08002b08   0x00000054   Code   RO          386    i.HAL_TIM_MspPostInit  tim.o
    0x08002b5c   0x08002b5c   0x00000002   Code   RO          738    i.HAL_TIM_OC_DelayElapsedCallback  stm32f4xx_hal_tim.o
    0x08002b5e   0x08002b5e   0x000000d8   Code   RO          759    i.HAL_TIM_PWM_ConfigChannel  stm32f4xx_hal_tim.o
    0x08002c36   0x08002c36   0x0000004a   Code   RO          762    i.HAL_TIM_PWM_Init  stm32f4xx_hal_tim.o
    0x08002c80   0x08002c80   0x00000002   Code   RO          764    i.HAL_TIM_PWM_MspInit  stm32f4xx_hal_tim.o
    0x08002c82   0x08002c82   0x00000002   Code   RO          765    i.HAL_TIM_PWM_PulseFinishedCallback  stm32f4xx_hal_tim.o
    0x08002c84   0x08002c84   0x000000dc   Code   RO          767    i.HAL_TIM_PWM_Start  stm32f4xx_hal_tim.o
    0x08002d60   0x08002d60   0x0000002c   Code   RO           14    i.HAL_TIM_PeriodElapsedCallback  main.o
    0x08002d8c   0x08002d8c   0x00000002   Code   RO          778    i.HAL_TIM_TriggerCallback  stm32f4xx_hal_tim.o
    0x08002d8e   0x08002d8e   0x00000002   Code   RO         3110    i.HAL_UARTEx_RxEventCallback  stm32f4xx_hal_uart.o
    0x08002d90   0x08002d90   0x00000070   Code   RO         3122    i.HAL_UART_DMAStop  stm32f4xx_hal_uart.o
    0x08002e00   0x08002e00   0x00000002   Code   RO         3124    i.HAL_UART_ErrorCallback  stm32f4xx_hal_uart.o
    0x08002e02   0x08002e02   0x00000002   PAD
    0x08002e04   0x08002e04   0x00000248   Code   RO         3127    i.HAL_UART_IRQHandler  stm32f4xx_hal_uart.o
    0x0800304c   0x0800304c   0x00000066   Code   RO         3128    i.HAL_UART_Init     stm32f4xx_hal_uart.o
    0x080030b2   0x080030b2   0x00000002   PAD
    0x080030b4   0x080030b4   0x000001b0   Code   RO          439    i.HAL_UART_MspInit  usart.o
    0x08003264   0x08003264   0x0000001c   Code   RO         3132    i.HAL_UART_Receive_DMA  stm32f4xx_hal_uart.o
    0x08003280   0x08003280   0x00000002   Code   RO         3134    i.HAL_UART_RxCpltCallback  stm32f4xx_hal_uart.o
    0x08003282   0x08003282   0x00000002   Code   RO         3135    i.HAL_UART_RxHalfCpltCallback  stm32f4xx_hal_uart.o
    0x08003284   0x08003284   0x00000002   Code   RO         3139    i.HAL_UART_TxCpltCallback  stm32f4xx_hal_uart.o
    0x08003286   0x08003286   0x00000002   Code   RO          497    i.HardFault_Handler  stm32f4xx_it.o
    0x08003288   0x08003288   0x00000010   Code   RO         6020    i.Hiting_Cylinder_State  dribble_ball.o
    0x08003298   0x08003298   0x00000010   Code   RO         6021    i.Holding_Cylinder_State  dribble_ball.o
    0x080032a8   0x080032a8   0x00000044   Code   RO          313    i.MX_CAN1_Init      can.o
    0x080032ec   0x080032ec   0x00000044   Code   RO          314    i.MX_CAN2_Init      can.o
    0x08003330   0x08003330   0x0000006c   Code   RO          360    i.MX_DMA_Init       dma.o
    0x0800339c   0x0800339c   0x00000068   Code   RO          269    i.MX_FREERTOS_Init  freertos.o
    0x08003404   0x08003404   0x000000c8   Code   RO          244    i.MX_GPIO_Init      gpio.o
    0x080034cc   0x080034cc   0x00000068   Code   RO          387    i.MX_TIM10_Init     tim.o
    0x08003534   0x08003534   0x00000068   Code   RO          388    i.MX_TIM4_Init      tim.o
    0x0800359c   0x0800359c   0x00000038   Code   RO          440    i.MX_USART1_UART_Init  usart.o
    0x080035d4   0x080035d4   0x00000038   Code   RO          441    i.MX_USART3_UART_Init  usart.o
    0x0800360c   0x0800360c   0x00000002   Code   RO          498    i.MemManage_Handler  stm32f4xx_it.o
    0x0800360e   0x0800360e   0x00000002   Code   RO          499    i.NMI_Handler       stm32f4xx_it.o
    0x08003610   0x08003610   0x0000001c   Code   RO         5498    i.PWM_ReInit        drive_tim.o
    0x0800362c   0x0800362c   0x0000002a   Code   RO         5499    i.Set_PwmDuty       drive_tim.o
    0x08003656   0x08003656   0x0000001a   Code   RO         4650    i.SysTick_Handler   cmsis_os2.o
    0x08003670   0x08003670   0x00000094   Code   RO           15    i.SystemClock_Config  main.o
    0x08003704   0x08003704   0x00000010   Code   RO         3472    i.SystemInit        system_stm32f4xx.o
    0x08003714   0x08003714   0x00000098   Code   RO         6952    i.System_Resource_Init  service_config.o
    0x080037ac   0x080037ac   0x0000000c   Code   RO          500    i.TIM3_IRQHandler   stm32f4xx_it.o
    0x080037b8   0x080037b8   0x0000000c   Code   RO          501    i.TIM4_IRQHandler   stm32f4xx_it.o
    0x080037c4   0x080037c4   0x000000d4   Code   RO          780    i.TIM_Base_SetConfig  stm32f4xx_hal_tim.o
    0x08003898   0x08003898   0x0000001a   Code   RO          781    i.TIM_CCxChannelCmd  stm32f4xx_hal_tim.o
    0x080038b2   0x080038b2   0x00000014   Code   RO          791    i.TIM_ETR_SetConfig  stm32f4xx_hal_tim.o
    0x080038c6   0x080038c6   0x00000010   Code   RO          792    i.TIM_ITRx_SetConfig  stm32f4xx_hal_tim.o
    0x080038d6   0x080038d6   0x00000002   PAD
    0x080038d8   0x080038d8   0x00000068   Code   RO          793    i.TIM_OC1_SetConfig  stm32f4xx_hal_tim.o
    0x08003940   0x08003940   0x00000074   Code   RO          794    i.TIM_OC2_SetConfig  stm32f4xx_hal_tim.o
    0x080039b4   0x080039b4   0x00000070   Code   RO          795    i.TIM_OC3_SetConfig  stm32f4xx_hal_tim.o
    0x08003a24   0x08003a24   0x00000054   Code   RO          796    i.TIM_OC4_SetConfig  stm32f4xx_hal_tim.o
    0x08003a78   0x08003a78   0x00000022   Code   RO          798    i.TIM_TI1_ConfigInputStage  stm32f4xx_hal_tim.o
    0x08003a9a   0x08003a9a   0x00000024   Code   RO          800    i.TIM_TI2_ConfigInputStage  stm32f4xx_hal_tim.o
    0x08003abe   0x08003abe   0x00000002   PAD
    0x08003ac0   0x08003ac0   0x0000001c   Code   RO         5501    i.Timer_Init        drive_tim.o
    0x08003adc   0x08003adc   0x0000000e   Code   RO         3141    i.UART_DMAAbortOnError  stm32f4xx_hal_uart.o
    0x08003aea   0x08003aea   0x0000004a   Code   RO         3142    i.UART_DMAError     stm32f4xx_hal_uart.o
    0x08003b34   0x08003b34   0x00000086   Code   RO         3143    i.UART_DMAReceiveCplt  stm32f4xx_hal_uart.o
    0x08003bba   0x08003bba   0x0000001e   Code   RO         3145    i.UART_DMARxHalfCplt  stm32f4xx_hal_uart.o
    0x08003bd8   0x08003bd8   0x0000004e   Code   RO         3151    i.UART_EndRxTransfer  stm32f4xx_hal_uart.o
    0x08003c26   0x08003c26   0x0000001a   Code   RO         3152    i.UART_EndTransmit_IT  stm32f4xx_hal_uart.o
    0x08003c40   0x08003c40   0x0000001c   Code   RO         3153    i.UART_EndTxTransfer  stm32f4xx_hal_uart.o
    0x08003c5c   0x08003c5c   0x000000c8   Code   RO         3154    i.UART_Receive_IT   stm32f4xx_hal_uart.o
    0x08003d24   0x08003d24   0x00000114   Code   RO         3155    i.UART_SetConfig    stm32f4xx_hal_uart.o
    0x08003e38   0x08003e38   0x000000a4   Code   RO         3156    i.UART_Start_Receive_DMA  stm32f4xx_hal_uart.o
    0x08003edc   0x08003edc   0x0000005e   Code   RO         3158    i.UART_Transmit_IT  stm32f4xx_hal_uart.o
    0x08003f3a   0x08003f3a   0x00000002   PAD
    0x08003f3c   0x08003f3c   0x0000001c   Code   RO          502    i.USART1_IRQHandler  stm32f4xx_it.o
    0x08003f58   0x08003f58   0x0000001c   Code   RO          503    i.USART3_IRQHandler  stm32f4xx_it.o
    0x08003f74   0x08003f74   0x00000138   Code   RO         5570    i.Uart_Init         drive_uart.o
    0x080040ac   0x080040ac   0x00000012   Code   RO         5571    i.Uart_Receive_Handler  drive_uart.o
    0x080040be   0x080040be   0x00000002   PAD
    0x080040c0   0x080040c0   0x00000040   Code   RO         5572    i.Uart_Rx_Idle_Callback  drive_uart.o
    0x08004100   0x08004100   0x000000e4   Code   RO         5980    i.Update_Action_gl_position  action.o
    0x080041e4   0x080041e4   0x00000010   Code   RO         5502    i.Update_SystemTick  drive_tim.o
    0x080041f4   0x080041f4   0x00000002   Code   RO          504    i.UsageFault_Handler  stm32f4xx_it.o
    0x080041f6   0x080041f6   0x00000004   Code   RO         5573    i.Usart_Rx_Callback_Register  drive_uart.o
    0x080041fa   0x080041fa   0x00000008   Code   RO         7184    i.User_Debug_Task   user_debug.o
    0x08004202   0x08004202   0x00000002   PAD
    0x08004204   0x08004204   0x00000170   Code   RO         7347    i._Z12PidParamInitv  chassis_task.o
    0x08004374   0x08004374   0x00000014   Code   RO         5857    i._Z22_tool_buffer_get_int16PKhPi  tool.o
    0x08004388   0x08004388   0x00000026   Code   RO         5858    i._Z22_tool_buffer_get_int32PKhPi  tool.o
    0x080043ae   0x080043ae   0x0000002a   Code   RO         5864    i._Z25_tool_buffer_append_int32PhiPi  tool.o
    0x080043d8   0x080043d8   0x000000ba   Code   RO         6655    i._ZN10Motor_Base12update_angleEPh  chassis_swerve.o
    0x08004492   0x08004492   0x00000092   Code   RO         7262    i._ZN10Motor_C62014CanMsg_ProcessER9CAN_TxMsg  user_debug.o
    0x08004524   0x08004524   0x00000026   Code   RO         7136    i._ZN10Motor_C6206updateEPh  service_communication.o
    0x0800454a   0x0800454a   0x00000002   PAD
    0x0800454c   0x0800454c   0x00000018   Code   RO         7430    i._ZN10Motor_C620C1Eh  chassis_task.o
    0x08004564   0x08004564   0x00000002   Code   RO         7223    i._ZN10Motor_C620D1Ev  user_debug.o
    0x08004566   0x08004566   0x0000000c   Code   RO         6689    i._ZN11Motor_Speed12update_speedEPh  chassis_swerve.o
    0x08004572   0x08004572   0x00000002   PAD
    0x08004574   0x08004574   0x00000030   Code   RO         7217    i._ZN11Motor_SpeedC2Eh  user_debug.o
    0x080045a4   0x080045a4   0x00000020   Code   RO         6451    i._ZN12Chassis_Base25ChassisVel_Trans_MotorRPMEff  omni_chassis.o
    0x080045c4   0x080045c4   0x00000010   Code   RO         6401    i._ZN12Omni_Chassis13Motor_ControlEv  omni_chassis.o
    0x080045d4   0x080045d4   0x0000001c   Code   RO         6402    i._ZN12Omni_Chassis13Pid_Mode_InitEiffbb  omni_chassis.o
    0x080045f0   0x080045f0   0x00000020   Code   RO         6403    i._ZN12Omni_Chassis14Pid_Param_InitEiffffff  omni_chassis.o
    0x08004610   0x08004610   0x0000024e   Code   RO         6404    i._ZN12Omni_Chassis18Velocity_CalculateE13Robot_Twist_t  omni_chassis.o
    0x0800485e   0x0800485e   0x00000068   Code   RO         6405    i._ZN12Omni_Chassis7ControlE13Robot_Twist_t  omni_chassis.o
    0x080048c6   0x080048c6   0x00000002   PAD
    0x080048c8   0x080048c8   0x00000138   Code   RO         7412    i._ZN12Omni_ChassisC1Effif  chassis_task.o
    0x08004a00   0x08004a00   0x0000001c   Code   RO         7418    i._ZN12Omni_ChassisD1Ev  chassis_task.o
    0x08004a1c   0x08004a1c   0x00000248   Code   RO         5802    i._ZN12TrapePlanner4PlanEfff  speed_plan.o
    0x08004c64   0x08004c64   0x0000000a   Code   RO         5826    i._ZN12TrapePlanner5ResetEv  speed_plan.o
    0x08004c6e   0x08004c6e   0x00000014   Code   RO         5642    i._ZN13LowPassFilter1fEf  filter.o
    0x08004c82   0x08004c82   0x0000000e   Code   RO         5643    i._ZN13LowPassFilter2inEf  filter.o
    0x08004c90   0x08004c90   0x0000001e   Code   RO         5644    i._ZN13LowPassFilter3outEv  filter.o
    0x08004cae   0x08004cae   0x00000002   PAD
    0x08004cb0   0x08004cb0   0x00000018   Code   RO         7406    i._ZN13LowPassFilterC1Ef  chassis_task.o
    0x08004cc8   0x08004cc8   0x00000010   Code   RO         7400    i._ZN3PID13PID_Mode_InitEffbb  chassis_task.o
    0x08004cd8   0x08004cd8   0x00000016   Code   RO         5744    i._ZN3PID14PID_Param_InitEffffff  pid.o
    0x08004cee   0x08004cee   0x00000002   PAD
    0x08004cf0   0x08004cf0   0x0000020c   Code   RO         5745    i._ZN3PID6AdjustEv  pid.o
    0x08004efc   0x08004efc   0x00000090   Code   RO         7394    i._ZN3PIDC1Ev       chassis_task.o
    0x08004f8c   0x08004f8c   0x0000001c   Code   RO         7143    i._ZN4VESC11update_vescEP13CAN_RxMessage  service_communication.o
    0x08004fa8   0x08004fa8   0x00000024   Code   RO         6729    i._ZN4VESC12update_angleEPh  chassis_swerve.o
    0x08004fcc   0x08004fcc   0x0000005c   Code   RO         6723    i._ZN4VESC12update_speedEPh  chassis_swerve.o
    0x08005028   0x08005028   0x000000cc   Code   RO         6710    i._ZN4VESC14CanMsg_ProcessER9CAN_TxMsg  chassis_swerve.o
    0x080050f4   0x080050f4   0x00000018   Code   RO         6716    i._ZN4VESC6updateEPh  chassis_swerve.o
    0x0800510c   0x0800510c   0x00000024   Code   RO         7436    i._ZN4VESCC1Eh      chassis_task.o
    0x08005130   0x08005130   0x00000002   Code   RO         6579    i._ZN4VESCD1Ev      chassis_swerve.o
    0x08005132   0x08005132   0x00000002   PAD
    0x08005134   0x08005134   0x000000a0   Code   RO         6283    i._ZN6AirJoy11data_updateEtt  air_joy.o
    0x080051d4   0x080051d4   0x000000cc   Code   RO         6807    i._ZN8Launcher12PitchControlEf  launcher.o
    0x080052a0   0x080052a0   0x000000c0   Code   RO         6808    i._ZN8Launcher12ShootControlEbbf  launcher.o
    0x08005360   0x08005360   0x00000026   Code   RO         7382    i._ZN8Launcher13Pid_Mode_InitEiffbb  chassis_task.o
    0x08005386   0x08005386   0x0000001e   Code   RO         7388    i._ZN8Launcher14Pid_Param_InitEiffffff  chassis_task.o
    0x080053a4   0x080053a4   0x0000005c   Code   RO         6809    i._ZN8Launcher15LaunchMotorCtrlEv  launcher.o
    0x08005400   0x08005400   0x0000008c   Code   RO         6810    i._ZN8Launcher5ResetEv  launcher.o
    0x0800548c   0x0800548c   0x000000ec   Code   RO         7421    i._ZN8LauncherC1Eff  chassis_task.o
    0x08005578   0x08005578   0x0000002c   Code   RO         7427    i._ZN8LauncherD1Ev  chassis_task.o
    0x080055a4   0x080055a4   0x00000070   Code   RO         5746    i._ZN8PidTimer16update_timeStampEv  pid.o
    0x08005614   0x08005614   0x00000014   Code   RO         5747    i._ZN8PidTimer19getMicroTick_registEPFjvE  pid.o
    0x08005628   0x08005628   0x00000002   Code   RO         6999    i._ZN9DM_DriverD1Ev  service_config.o
    0x0800562a   0x0800562a   0x00000002   PAD
    0x0800562c   0x0800562c   0x0000000c   Code   RO         6668    i._ZNK10Motor_Base19ENCODER_ANGLE_RATIOEv  chassis_swerve.o
    0x08005638   0x08005638   0x00000004   Code   RO         6649    i._ZNK10Motor_Base21GET_MOTOR_DESCRIPTIONEv  chassis_swerve.o
    0x0800563c   0x0800563c   0x0000000c   Code   RO         7256    i._ZNK10Motor_C62011MAX_CURRENTEv  user_debug.o
    0x08005648   0x08005648   0x00000004   Code   RO         7269    i._ZNK10Motor_C62021GET_MOTOR_DESCRIPTIONEv  user_debug.o
    0x0800564c   0x0800564c   0x00000004   Code   RO         6695    i._ZNK4VESC14GET_MOTOR_FLAGEv  chassis_swerve.o
    0x08005650   0x08005650   0x00000006   Code   RO         7250    i._ZNK9RM_Common11send_id_lowEv  user_debug.o
    0x08005656   0x08005656   0x00000006   Code   RO         7244    i._ZNK9RM_Common12send_id_highEv  user_debug.o
    0x0800565c   0x0800565c   0x00000004   Code   RO         7232    i._ZNK9RM_Common14GET_MOTOR_FLAGEv  user_debug.o
    0x08005660   0x08005660   0x00000004   Code   RO         6591    i._ZSt3cosf         chassis_swerve.o
    0x08005664   0x08005664   0x00000004   Code   RO         6597    i._ZSt3sinf         chassis_swerve.o
    0x08005668   0x08005668   0x00000004   Code   RO         5814    i._ZSt4sqrtf        speed_plan.o
    0x0800566c   0x0800566c   0x00000026   Code   RO         7936    i.__ARM_fpclassifyf  m_wm.l(fpclassifyf.o)
    0x08005692   0x08005692   0x00000020   Code   RO         2708    i.__NVIC_SetPriority  stm32f4xx_hal_cortex.o
    0x080056b2   0x080056b2   0x00000024   Code   RO         7707    i.__aeabi_vec_ctor_nocookie_nodtor  cpprt_w.l(aeabi_vec_ctor_nocookie_nodtor.o)
    0x080056d6   0x080056d6   0x00000010   Code   RO         7595    i.__cxa_guard_acquire  cpprt_w.l(cxa_guard_acquire.o)
    0x080056e6   0x080056e6   0x00000002   PAD
    0x080056e8   0x080056e8   0x00000150   Code   RO         7747    i.__hardfp_cosf     m_wm.l(cosf.o)
    0x08005838   0x08005838   0x00000190   Code   RO         7759    i.__hardfp_sinf     m_wm.l(sinf.o)
    0x080059c8   0x080059c8   0x0000003a   Code   RO         7771    i.__hardfp_sqrtf    m_wm.l(sqrtf.o)
    0x08005a02   0x08005a02   0x00000006   Code   RO         7939    i.__mathlib_flt_infnan  m_wm.l(funder.o)
    0x08005a08   0x08005a08   0x00000010   Code   RO         7941    i.__mathlib_flt_invalid  m_wm.l(funder.o)
    0x08005a18   0x08005a18   0x00000010   Code   RO         7944    i.__mathlib_flt_underflow  m_wm.l(funder.o)
    0x08005a28   0x08005a28   0x00000154   Code   RO         7952    i.__mathlib_rredf2  m_wm.l(rredf.o)
    0x08005b7c   0x08005b7c   0x00000030   Code   RO         6284    i.__sti___11_air_joy_cpp_air_joy  air_joy.o
    0x08005bac   0x08005bac   0x000000cc   Code   RO         7185    i.__sti___14_user_debug_cpp_M3508  user_debug.o
    0x08005c78   0x08005c78   0x00000064   Code   RO         7348    i.__sti___16_chassis_task_cpp_chassis  chassis_task.o
    0x08005cdc   0x08005cdc   0x00000030   Code   RO         5314    i.comm_can_transmit_extid  drive_can.o
    0x08005d0c   0x08005d0c   0x0000002e   Code   RO         5315    i.comm_can_transmit_stdid  drive_can.o
    0x08005d3a   0x08005d3a   0x0000003a   Code   RO           16    i.main              main.o
    0x08005d74   0x08005d74   0x0000001c   Code   RO         4652    i.osDelay           cmsis_os2.o
    0x08005d90   0x08005d90   0x00000028   Code   RO         4666    i.osKernelInitialize  cmsis_os2.o
    0x08005db8   0x08005db8   0x00000038   Code   RO         4669    i.osKernelStart     cmsis_os2.o
    0x08005df0   0x08005df0   0x000000ba   Code   RO         4711    i.osThreadNew       cmsis_os2.o
    0x08005eaa   0x08005eaa   0x00000002   PAD
    0x08005eac   0x08005eac   0x00000060   Code   RO         4090    i.prvAddCurrentTaskToDelayedList  tasks.o
    0x08005f0c   0x08005f0c   0x00000088   Code   RO         4091    i.prvAddNewTaskToReadyList  tasks.o
    0x08005f94   0x08005f94   0x00000058   Code   RO         4466    i.prvCheckForValidListAndQueue  timers.o
    0x08005fec   0x08005fec   0x0000003c   Code   RO         4092    i.prvCheckTasksWaitingTermination  tasks.o
    0x08006028   0x08006028   0x00000028   Code   RO         3677    i.prvCopyDataFromQueue  queue.o
    0x08006050   0x08006050   0x0000006e   Code   RO         3678    i.prvCopyDataToQueue  queue.o
    0x080060be   0x080060be   0x00000040   Code   RO         4093    i.prvDeleteTCB      tasks.o
    0x080060fe   0x080060fe   0x00000002   PAD
    0x08006100   0x08006100   0x00000024   Code   RO         4467    i.prvGetNextExpireTime  timers.o
    0x08006124   0x08006124   0x0000004c   Code   RO         5175    i.prvHeapInit       heap_4.o
    0x08006170   0x08006170   0x00000028   Code   RO         4094    i.prvIdleTask       tasks.o
    0x08006198   0x08006198   0x00000022   Code   RO         3681    i.prvInitialiseNewQueue  queue.o
    0x080061ba   0x080061ba   0x000000a8   Code   RO         4095    i.prvInitialiseNewTask  tasks.o
    0x08006262   0x08006262   0x00000002   PAD
    0x08006264   0x08006264   0x00000058   Code   RO         4096    i.prvInitialiseTaskLists  tasks.o
    0x080062bc   0x080062bc   0x00000054   Code   RO         5176    i.prvInsertBlockIntoFreeList  heap_4.o
    0x08006310   0x08006310   0x00000040   Code   RO         4469    i.prvInsertTimerInActiveList  timers.o
    0x08006350   0x08006350   0x0000001a   Code   RO         3682    i.prvIsQueueEmpty   queue.o
    0x0800636a   0x0800636a   0x0000001e   Code   RO         3683    i.prvIsQueueFull    queue.o
    0x08006388   0x08006388   0x00000068   Code   RO         4470    i.prvProcessExpiredTimer  timers.o
    0x080063f0   0x080063f0   0x000000fc   Code   RO         4471    i.prvProcessReceivedCommands  timers.o
    0x080064ec   0x080064ec   0x0000006c   Code   RO         4472    i.prvProcessTimerOrBlockTask  timers.o
    0x08006558   0x08006558   0x00000024   Code   RO         4098    i.prvResetNextTaskUnblockTime  tasks.o
    0x0800657c   0x0800657c   0x0000002c   Code   RO         4473    i.prvSampleTimeNow  timers.o
    0x080065a8   0x080065a8   0x00000070   Code   RO         4474    i.prvSwitchTimerLists  timers.o
    0x08006618   0x08006618   0x0000002c   Code   RO         5231    i.prvTaskExitError  port.o
    0x08006644   0x08006644   0x00000014   Code   RO         4475    i.prvTimerTask      timers.o
    0x08006658   0x08006658   0x0000006a   Code   RO         3684    i.prvUnlockQueue    queue.o
    0x080066c2   0x080066c2   0x00000002   PAD
    0x080066c4   0x080066c4   0x000000dc   Code   RO         5177    i.pvPortMalloc      heap_4.o
    0x080067a0   0x080067a0   0x00000024   Code   RO         5232    i.pxPortInitialiseStack  port.o
    0x080067c4   0x080067c4   0x00000026   Code   RO         3637    i.uxListRemove      list.o
    0x080067ea   0x080067ea   0x00000002   PAD
    0x080067ec   0x080067ec   0x00000014   Code   RO         4723    i.vApplicationGetIdleTaskMemory  cmsis_os2.o
    0x08006800   0x08006800   0x00000018   Code   RO         4724    i.vApplicationGetTimerTaskMemory  cmsis_os2.o
    0x08006818   0x08006818   0x00000016   Code   RO         3638    i.vListInitialise   list.o
    0x0800682e   0x0800682e   0x00000006   Code   RO         3639    i.vListInitialiseItem  list.o
    0x08006834   0x08006834   0x00000030   Code   RO         3640    i.vListInsert       list.o
    0x08006864   0x08006864   0x00000018   Code   RO         3641    i.vListInsertEnd    list.o
    0x0800687c   0x0800687c   0x00000040   Code   RO         5234    i.vPortEnterCritical  port.o
    0x080068bc   0x080068bc   0x0000002c   Code   RO         5235    i.vPortExitCritical  port.o
    0x080068e8   0x080068e8   0x00000064   Code   RO         5178    i.vPortFree         heap_4.o
    0x0800694c   0x0800694c   0x00000024   Code   RO         5236    i.vPortSetupTimerInterrupt  port.o
    0x08006970   0x08006970   0x00000054   Code   RO         5237    i.vPortValidateInterruptPriority  port.o
    0x080069c4   0x080069c4   0x00000024   Code   RO         3690    i.vQueueAddToRegistry  queue.o
    0x080069e8   0x080069e8   0x00000046   Code   RO         3694    i.vQueueWaitForMessageRestricted  queue.o
    0x08006a2e   0x08006a2e   0x00000002   PAD
    0x08006a30   0x08006a30   0x00000050   Code   RO         4111    i.vTaskDelay        tasks.o
    0x08006a80   0x08006a80   0x00000010   Code   RO         4116    i.vTaskInternalSetTimeOutState  tasks.o
    0x08006a90   0x08006a90   0x0000000c   Code   RO         4117    i.vTaskMissedYield  tasks.o
    0x08006a9c   0x08006a9c   0x00000034   Code   RO         4119    i.vTaskPlaceOnEventList  tasks.o
    0x08006ad0   0x08006ad0   0x0000003c   Code   RO         4120    i.vTaskPlaceOnEventListRestricted  tasks.o
    0x08006b0c   0x08006b0c   0x00000090   Code   RO         4128    i.vTaskStartScheduler  tasks.o
    0x08006b9c   0x08006b9c   0x00000010   Code   RO         4130    i.vTaskSuspendAll   tasks.o
    0x08006bac   0x08006bac   0x00000068   Code   RO         4131    i.vTaskSwitchContext  tasks.o
    0x08006c14   0x08006c14   0x000000f4   Code   RO         5238    i.xPortStartScheduler  port.o
    0x08006d08   0x08006d08   0x0000002c   Code   RO         5239    i.xPortSysTickHandler  port.o
    0x08006d34   0x08006d34   0x00000044   Code   RO         3699    i.xQueueGenericCreate  queue.o
    0x08006d78   0x08006d78   0x0000006c   Code   RO         3700    i.xQueueGenericCreateStatic  queue.o
    0x08006de4   0x08006de4   0x0000008c   Code   RO         3701    i.xQueueGenericReset  queue.o
    0x08006e70   0x08006e70   0x00000164   Code   RO         3702    i.xQueueGenericSend  queue.o
    0x08006fd4   0x08006fd4   0x000000c0   Code   RO         3703    i.xQueueGenericSendFromISR  queue.o
    0x08007094   0x08007094   0x0000013c   Code   RO         3712    i.xQueueReceive     queue.o
    0x080071d0   0x080071d0   0x0000007c   Code   RO         4133    i.xTaskCheckForTimeOut  tasks.o
    0x0800724c   0x0800724c   0x00000064   Code   RO         4134    i.xTaskCreate       tasks.o
    0x080072b0   0x080072b0   0x0000005c   Code   RO         4135    i.xTaskCreateStatic  tasks.o
    0x0800730c   0x0800730c   0x0000001c   Code   RO         4139    i.xTaskGetSchedulerState  tasks.o
    0x08007328   0x08007328   0x0000000c   Code   RO         4140    i.xTaskGetTickCount  tasks.o
    0x08007334   0x08007334   0x000000cc   Code   RO         4142    i.xTaskIncrementTick  tasks.o
    0x08007400   0x08007400   0x0000007c   Code   RO         4145    i.xTaskPriorityDisinherit  tasks.o
    0x0800747c   0x0800747c   0x00000078   Code   RO         4147    i.xTaskRemoveFromEventList  tasks.o
    0x080074f4   0x080074f4   0x000000c8   Code   RO         4148    i.xTaskResumeAll    tasks.o
    0x080075bc   0x080075bc   0x00000068   Code   RO         4484    i.xTimerCreateTimerTask  timers.o
    0x08007624   0x08007624   0x0000006c   Code   RO         4485    i.xTimerGenericCommand  timers.o
    0x08007690   0x08007690   0x00000110   Code   RO         6844    t._Z14Motor_SendMsgsI10Motor_C620Li2EEvP17CAN_HandleTypeDefRAT0__T_  launcher.o
    0x080077a0   0x080077a0   0x00000110   Code   RO         6443    t._Z14Motor_SendMsgsI10Motor_C620Li4EEvP17CAN_HandleTypeDefRAT0__T_  omni_chassis.o
    0x080078b0   0x080078b0   0x0000009c   Code   RO         6565    t._Z14Motor_SendMsgsI4VESCEvP17CAN_HandleTypeDefRT_  chassis_swerve.o
    0x0800794c   0x0800794c   0x0000010c   Code   RO         6557    t._Z14Motor_SendMsgsI4VESCLi1EEvP17CAN_HandleTypeDefRAT0__T_  chassis_swerve.o
    0x08007a58   0x08007a58   0x00000024   Code   RO         5780    t._Z15_tool_ConstrainIfEvPT_S0_S0_  pid.o
    0x08007a7c   0x08007a7c   0x00000024   Code   RO         7210    t._Z16motor_constraintIfEvPT_S0_S0_  user_debug.o
    0x08007aa0   0x08007aa0   0x00000010   Code   RO         5773    t._Z9_tool_AbsIfET_S0_  pid.o
    0x08007ab0   0x08007ab0   0x00000008   Code   RO         7542    t._Z9_tool_AbsIiET_S0_  fsm_joy.o
    0x08007ab8   0x08007ab8   0x00000062   Code   RO         7713    x$fpl$d2f           fz_wm.l(d2f.o)
    0x08007b1a   0x08007b1a   0x00000002   PAD
    0x08007b1c   0x08007b1c   0x00000150   Code   RO         7715    x$fpl$dadd          fz_wm.l(daddsub_clz.o)
    0x08007c6c   0x08007c6c   0x000002b0   Code   RO         7722    x$fpl$ddiv          fz_wm.l(ddiv.o)
    0x08007f1c   0x08007f1c   0x0000002e   Code   RO         7726    x$fpl$dflt          fz_wm.l(dflt_clz.o)
    0x08007f4a   0x08007f4a   0x00000002   PAD
    0x08007f4c   0x08007f4c   0x00000154   Code   RO         7731    x$fpl$dmul          fz_wm.l(dmul.o)
    0x080080a0   0x080080a0   0x0000009c   Code   RO         7927    x$fpl$dnaninf       fz_wm.l(dnaninf.o)
    0x0800813c   0x0800813c   0x0000000c   Code   RO         7929    x$fpl$dretinf       fz_wm.l(dretinf.o)
    0x08008148   0x08008148   0x000001d4   Code   RO         7717    x$fpl$dsub          fz_wm.l(daddsub_clz.o)
    0x0800831c   0x0800831c   0x00000056   Code   RO         7733    x$fpl$f2d           fz_wm.l(f2d.o)
    0x08008372   0x08008372   0x0000008c   Code   RO         7931    x$fpl$fnaninf       fz_wm.l(fnaninf.o)
    0x080083fe   0x080083fe   0x0000000a   Code   RO         8049    x$fpl$fpinit        fz_wm.l(fpinit.o)
    0x08008408   0x08008408   0x0000000a   Code   RO         7933    x$fpl$fretinf       fz_wm.l(fretinf.o)
    0x08008412   0x08008412   0x00000000   Code   RO         7935    x$fpl$usenofp       fz_wm.l(usenofp.o)
    0x08008412   0x08008412   0x00000002   PAD
    0x08008414   0x08008414   0x000000b4   Data   RO          270    .constdata          freertos.o
    0x080084c8   0x080084c8   0x00000008   Data   RO         2422    .constdata          stm32f4xx_hal_dma.o
    0x080084d0   0x080084d0   0x00000010   Data   RO         3473    .constdata          system_stm32f4xx.o
    0x080084e0   0x080084e0   0x00000008   Data   RO         3474    .constdata          system_stm32f4xx.o
    0x080084e8   0x080084e8   0x00000014   Data   RO         6289    .constdata          air_joy.o
    0x080084fc   0x080084fc   0x00000048   Data   RO         7353    .constdata          chassis_task.o
    0x08008544   0x08008544   0x00000018   Data   RO         7523    .constdata          fsm_joy.o
    0x0800855c   0x0800855c   0x00000020   Data   RO         7953    .constdata          m_wm.l(rredf.o)
    0x0800857c   0x0800857c   0x00000038   Data   RO         6604    .constdata__ZTV10Motor_Base  chassis_swerve.o
    0x080085b4   0x080085b4   0x00000048   Data   RO         7227    .constdata__ZTV10Motor_C620  user_debug.o
    0x080085fc   0x080085fc   0x00000040   Data   RO         6606    .constdata__ZTV11Motor_Speed  chassis_swerve.o
    0x0800863c   0x0800863c   0x00000014   Data   RO         5813    .constdata__ZTV12TrapePlanner  speed_plan.o
    0x08008650   0x08008650   0x00000040   Data   RO         6608    .constdata__ZTV4VESC  chassis_swerve.o
    0x08008690   0x08008690   0x00000044   Data   RO         7006    .constdata__ZTV9DM_Driver  service_config.o
    0x080086d4   0x080086d4   0x00000034   Data   RO          271    .conststring        freertos.o
    0x08008708   0x08008708   0x00000020   Data   RO         8156    Region$$Table       anon$$obj.o
    0x08008728   0x08008728   0x00000004   Data   RO         6290    .init_array         air_joy.o
    0x0800872c   0x08008728   0x00000004   Data   RO         7189    .init_array         user_debug.o
    0x08008730   0x08008728   0x00000004   Data   RO         7356    .init_array         chassis_task.o
    0x08008734   0x08008728   0x00000000   Data   RO         7584    .init_array         c_w.l(init_aeabi.o)


    Execution Region RW_IRAM2 (Exec base: 0x10000000, Load base: 0x08008838, Size: 0x00000000, Max: 0x00010000, ABSOLUTE)

    **** No section assigned to this execution region ****


    Execution Region RW_IRAM1 (Exec base: 0x20000000, Load base: 0x08008734, Size: 0x00005ba8, Max: 0x00020000, ABSOLUTE)

    Exec Addr    Load Addr    Size         Type   Attr      Idx    E Section Name        Object

    0x20000000   0x08008734   0x00000014   Data   RW          272    .data               freertos.o
    0x20000014   0x08008748   0x00000004   Data   RW          316    .data               can.o
    0x20000018   0x0800874c   0x0000000c   Data   RW         2867    .data               stm32f4xx_hal.o
    0x20000024   0x08008758   0x00000004   Data   RW         3475    .data               system_stm32f4xx.o
    0x20000028   0x0800875c   0x0000003c   Data   RW         4151    .data               tasks.o
    0x20000064   0x08008798   0x00000014   Data   RW         4493    .data               timers.o
    0x20000078   0x080087ac   0x00000004   Data   RW         4726    .data               cmsis_os2.o
    0x2000007c   0x080087b0   0x00000020   Data   RW         5184    .data               heap_4.o
    0x2000009c   0x080087d0   0x0000000c   Data   RW         5240    .data               port.o
    0x200000a8   0x080087dc   0x00000008   Data   RW         5317    .data               drive_can.o
    0x200000b0   0x080087e4   0x0000000c   Data   RW         5505    .data               drive_tim.o
    0x200000bc   0x080087f0   0x00000002   Data   RW         5576    .data               drive_uart.o
    0x200000be   0x080087f2   0x00000002   PAD
    0x200000c0   0x080087f4   0x00000004   Data   RW         5752    .data               pid.o
    0x200000c4   0x080087f8   0x0000000c   Data   RW         6027    .data               dribble_ball.o
    0x200000d0   0x08008804   0x0000000c   Data   RW         6815    .data               launcher.o
    0x200000dc   0x08008810   0x0000001c   Data   RW         6898    .data               data_pool.o
    0x200000f8   0x0800882c   0x00000004   Data   RW         7355    .data               chassis_task.o
    0x200000fc   0x08008830   0x00000008   Data   RW         7524    .data               fsm_joy.o
    0x20000104        -       0x00000050   Zero   RW          315    .bss                can.o
    0x20000154        -       0x00000090   Zero   RW          389    .bss                tim.o
    0x200001e4        -       0x00000210   Zero   RW          442    .bss                usart.o
    0x200003f4        -       0x00000048   Zero   RW          649    .bss                stm32f4xx_hal_timebase_tim.o
    0x2000043c        -       0x00000040   Zero   RW         3716    .bss                queue.o
    0x2000047c        -       0x000004c4   Zero   RW         4150    .bss                tasks.o
    0x20000940        -       0x00000118   Zero   RW         4492    .bss                timers.o
    0x20000a58        -       0x000006b8   Zero   RW         4725    .bss                cmsis_os2.o
    0x20001110        -       0x00003c00   Zero   RW         5183    .bss                heap_4.o
    0x20004d10        -       0x00000048   Zero   RW         5316    .bss                drive_can.o
    0x20004d58        -       0x00000050   Zero   RW         5575    .bss                drive_uart.o
    0x20004da8        -       0x0000003c   Zero   RW         5981    .bss                action.o
    0x20004de4        -       0x0000003c   Zero   RW         6288    .bss                air_joy.o
    0x20004e20        -       0x00000023   Zero   RW         6896    .bss                data_pool.o
    0x20004e43   0x08008838   0x00000001   PAD
    0x20004e44        -       0x000000bc   Zero   RW         7188    .bss                user_debug.o
    0x20004f00        -       0x00000628   Zero   RW         7352    .bss                chassis_task.o
    0x20005528        -       0x00000020   Zero   RW         7522    .bss                fsm_joy.o
    0x20005548        -       0x00000060   Zero   RW         7956    .bss                c_w.l(libspace.o)
    0x200055a8        -       0x00000200   Zero   RW            2    HEAP                startup_stm32f407xx.o
    0x200057a8        -       0x00000400   Zero   RW            1    STACK               startup_stm32f407xx.o


==============================================================================

Image component sizes


      Code (inc. data)   RO Data    RW Data    ZI Data      Debug   Object Name

       378         28          0          0         60       3203   action.o
       224         20         24          0         60       5343   air_joy.o
       424         40          0          4         80       2646   can.o
      1008         68        184          0          0      15961   chassis_swerve.o
      1736        200         76          4       1576      26033   chassis_task.o
       380         24          0          4       1720      65271   cmsis_os2.o
        96          6          0         28         35       2184   data_pool.o
       108          4          0          0          0        874   dma.o
       112         22          0         12          0     624704   dribble_ball.o
       468         48          0          8         72       5249   drive_can.o
       144         18          0         12          0       4201   drive_tim.o
       398         30          0          2         80       4337   drive_uart.o
         0          0          0          0          0      19556   event_groups.o
        64          0          0          0          0       5544   filter.o
       104         30        232         20          0       1712   freertos.o
       440         44         24          8         32       1367   fsm_joy.o
       200         14          0          0          0       1091   gpio.o
       480         26          0         32      15360       5127   heap_4.o
       900         78          0         12          0      13476   launcher.o
       138          0          0          0          0       3698   list.o
       254         20          0          0          0     719540   main.o
      1074         32          0          0          0      17228   omni_chassis.o
       730         22          0          4          0       6966   pid.o
       786         84          0         12          0      11861   port.o
      1632         20          0          0         64      19142   queue.o
       318         36          0          0          0      12717   service_communication.o
       190         48         68          0          0       8317   service_config.o
       598          6         20          0          0       4187   speed_plan.o
        64         26        392          0       1536        864   startup_stm32f407xx.o
        80         14          0         12          0       8206   stm32f4xx_hal.o
      1808          6          0          0          0      15265   stm32f4xx_hal_can.o
       158         14          0          0          0      33222   stm32f4xx_hal_cortex.o
      1170         14          8          0          0       7706   stm32f4xx_hal_dma.o
       502         50          0          0          0       3011   stm32f4xx_hal_gpio.o
        56          4          0          0          0        902   stm32f4xx_hal_msp.o
      1532         84          0          0          0       7181   stm32f4xx_hal_rcc.o
      2038        140          0          0          0      17556   stm32f4xx_hal_tim.o
       148         30          0          0          0       2645   stm32f4xx_hal_tim_ex.o
       152         20          0          0         72       1623   stm32f4xx_hal_timebase_tim.o
      1954         30          0          0          0      16021   stm32f4xx_hal_uart.o
       194         80          0          0          0       9432   stm32f4xx_it.o
         0          0          0          0          0        384   stream_buffer.o
        16          4         24          4          0       1195   system_stm32f4xx.o
      2176        186          0         60       1220      28690   tasks.o
       380         46          0          0        144       3159   tim.o
      1040         88          0         20        280      31039   timers.o
       100          0          0          0          0       3618   tool.o
       544         52          0          0        528       2887   usart.o
       476         62         76          0        188      11713   user_debug.o

    ----------------------------------------------------------------------
     28044       1918       1160        260      23108    1817854   Object Totals
         0          0         32          0          0          0   (incl. Generated)
        72          0          0          2          1          0   (incl. Padding)

    ----------------------------------------------------------------------

      Code (inc. data)   RO Data    RW Data    ZI Data      Debug   Library Member Name

         8          0          0          0          0         68   __main.o
         0          0          0          0          0          0   __rtentry.o
        12          0          0          0          0          0   __rtentry2.o
         6          0          0          0          0          0   __rtentry4.o
        52          8          0          0          0          0   __scatter.o
        26          0          0          0          0          0   __scatter_copy.o
        28          0          0          0          0          0   __scatter_zi.o
        22          0          0          0          0        100   _rserrno.o
        46          0          0          0          0         84   aeabi_atexit.o
        16          0          0          0          0         68   aeabi_memset.o
        66          0          0          0          0         84   cxa_finalize.o
        10          0          0          0          0         68   defsig_exit.o
        50          0          0          0          0         88   defsig_general.o
        80         58          0          0          0         76   defsig_rtmem_inner.o
        14          0          0          0          0         80   defsig_rtmem_outer.o
        18          0          0          0          0         80   exit.o
        94          0          0          0          0         80   h1_alloc.o
        52          0          0          0          0         68   h1_extend.o
        78          0          0          0          0         80   h1_free.o
        14          0          0          0          0         84   h1_init.o
         6          0          0          0          0        152   heapauxi.o
         4          0          0          0          0        136   hguard.o
         0          0          0          0          0          0   indicate_semi.o
        36         10          0          0          0         80   init_aeabi.o
       138          0          0          0          0        168   init_alloc.o
         2          0          0          0          0          0   libinit.o
        18          0          0          0          0          0   libinit2.o
         2          0          0          0          0          0   libshutdown.o
         8          0          0          0          0          0   libshutdown2.o
         8          4          0          0         96         68   libspace.o
       238          0          0          0          0        100   lludivv7m.o
         0          0          0          0          0          0   maybetermalloc1.o
         8          4          0          0          0         68   rt_ddtor_pointer_addr_intlibspace.o
         8          4          0          0          0         68   rt_errno_addr_intlibspace.o
         8          4          0          0          0         68   rt_heap_descriptor_intlibspace.o
        68          0          0          0          0         68   rt_memclr.o
        78          0          0          0          0         80   rt_memclr_w.o
       138          0          0          0          0         68   rt_memcpy_v6.o
       100          0          0          0          0         80   rt_memcpy_w.o
         2          0          0          0          0          0   rtexit.o
        10          0          0          0          0          0   rtexit2.o
        12          4          0          0          0         68   sys_exit.o
        74          0          0          0          0         80   sys_stackheap_outer.o
        14          0          0          0          0         76   sys_wrch.o
         2          0          0          0          0         68   use_no_semi.o
        36          0          0          0          0         84   aeabi_vec_ctor_nocookie_nodtor.o
        34          0          0          0          0         84   aeabi_vec_dtor_noexceptions.o
        16          0          0          0          0         68   cxa_guard_acquire.o
        98          4          0          0          0        140   d2f.o
       804         16          0          0          0        368   daddsub_clz.o
       688        140          0          0          0        256   ddiv.o
        46          0          0          0          0        116   dflt_clz.o
       340         12          0          0          0        152   dmul.o
       156          4          0          0          0        140   dnaninf.o
        12          0          0          0          0        116   dretinf.o
        86          4          0          0          0        132   f2d.o
       140          4          0          0          0        132   fnaninf.o
        10          0          0          0          0        116   fpinit.o
        10          0          0          0          0        116   fretinf.o
         0          0          0          0          0          0   usenofp.o
       336         56          0          0          0        136   cosf.o
        38          0          0          0          0        116   fpclassifyf.o
        38         12          0          0          0        348   funder.o
       340         24         32          0          0        160   rredf.o
       400         56          0          0          0        212   sinf.o
        58          0          0          0          0        136   sqrtf.o

    ----------------------------------------------------------------------
      5376        428         32          0         96       5732   Library Totals
        16          0          0          0          0          0   (incl. Padding)

    ----------------------------------------------------------------------

      Code (inc. data)   RO Data    RW Data    ZI Data      Debug   Library Name

      1674         96          0          0         96       2604   c_w.l
        86          0          0          0          0        236   cpprt_w.l
      2390        184          0          0          0       1784   fz_wm.l
      1210        148         32          0          0       1108   m_wm.l

    ----------------------------------------------------------------------
      5376        428         32          0         96       5732   Library Totals

    ----------------------------------------------------------------------

==============================================================================


      Code (inc. data)   RO Data    RW Data    ZI Data      Debug   

     33420       2346       1192        260      23204    1790674   Grand Totals
     33420       2346       1192        260      23204    1790674   ELF Image Totals
     33420       2346       1192        260          0          0   ROM Totals

==============================================================================

    Total RO  Size (Code + RO Data)                34612 (  33.80kB)
    Total RW  Size (RW Data + ZI Data)             23464 (  22.91kB)
    Total ROM Size (Code + RO Data + RW Data)      34872 (  34.05kB)

==============================================================================

