<html>
<body>
<pre>
<h1>µVision Build Log</h1>
<h2>Tool Versions:</h2>
IDE-Version: ¦ÌVision V5.41.0.0
Copyright (C) 2024 ARM Ltd and ARM Germany GmbH. All rights reserved.
License Information: l yx
a
User-based license: Keil MDK Community (non-commercial free of charge)
Valid until: Jun 1 2033. Cached until: May 24 2025
 
Tool Versions:
Toolchain:       Keil MDK Community (non-commercial free of charge  Version: 5.41.0.0
Toolchain Path:  D:\Keil5\ARM\ARMCC\Bin
C Compiler:      Armcc.exe V5.06 update 5 (build 528)
Assembler:       Armasm.exe V5.06 update 5 (build 528)
Linker/Locator:  ArmLink.exe V5.06 update 5 (build 528)
Library Manager: ArmAr.exe V5.06 update 5 (build 528)
Hex Converter:   FromElf.exe V5.06 update 5 (build 528)
CPU DLL:         SARMCM3.DLL V5.41.0.0
Dialog DLL:      DCM.DLL V1.17.5.0
Target DLL:      CMSIS_AGDI.dll V1.33.21.0
Dialog DLL:      TCM.DLL V1.56.4.0
 
<h2>Project:</h2>
D:\Users\liaoy\Desktop\robocon2025\2025RC_CODE\SWERVE_play\MDK-ARM\MOTOR_CPP.uvprojx
Project File Date:  05/17/2025

<h2>Output:</h2>
*** Warning: The configured compiler version '5.06 update 5 (build 528)' does not support the selected User Based Licensing technology.
*** Using Compiler 'V5.06 update 5 (build 528)', folder: 'D:\Keil5\ARM\ARMCC\Bin'
Rebuild target 'MOTOR_CPP'
assembling startup_stm32f407xx.s...
compiling freertos.c...
compiling stm32f4xx_hal_timebase_tim.c...
compiling stm32f4xx_hal_flash.c...
compiling stm32f4xx_hal_msp.c...
compiling stm32f4xx_hal_tim_ex.c...
compiling usart.c...
compiling stm32f4xx_hal_rcc.c...
compiling can.c...
compiling stm32f4xx_hal_tim.c...
compiling dma.c...
compiling stm32f4xx_hal_can.c...
compiling stm32f4xx_it.c...
compiling gpio.c...
compiling stm32f4xx_hal_rcc_ex.c...
compiling tim.c...
compiling croutine.c...
compiling list.c...
compiling event_groups.c...
compiling stream_buffer.c...
compiling queue.c...
compiling tasks.c...
compiling timers.c...
compiling heap_4.c...
compiling main.c...
compiling port.c...
compiling stm32f4xx_hal_flash_ex.c...
compiling stm32f4xx_hal_dma_ex.c...
compiling stm32f4xx_hal_flash_ramfunc.c...
compiling stm32f4xx_hal_gpio.c...
compiling filter.cpp...
compiling stm32f4xx_hal_dma.c...
compiling pid.cpp...
compiling speed_plan.cpp...
compiling tool.cpp...
compiling drive_iic.c...
compiling stm32f4xx_hal_pwr.c...
compiling system_stm32f4xx.c...
compiling stm32f4xx_hal_pwr_ex.c...
compiling stm32f4xx_hal_uart.c...
compiling drive_can.c...
compiling stm32f4xx_hal_cortex.c...
compiling stm32f4xx_hal.c...
compiling stm32f4xx_hal_exti.c...
compiling drive_tim.c...
compiling cmsis_os2.c...
compiling drive_uart.c...
compiling drive_exti.c...
compiling air_joy.cpp...
compiling action.c...
compiling launcher.cpp...
compiling chassis_swerve.cpp...
compiling omni_chassis.cpp...
compiling chassis_base.cpp...
compiling dribble_ball.cpp...
compiling user_debug.cpp...
compiling fsm_joy.cpp...
compiling service_communication.cpp...
compiling data_pool.cpp...
compiling service_config.cpp...
compiling chassis_task.cpp...
linking...
Program Size: Code=33420 RO-data=1192 RW-data=260 ZI-data=23204  
FromELF: creating hex file...
"MOTOR_CPP\MOTOR_CPP.axf" - 0 Error(s), 0 Warning(s).

<h2>Software Packages used:</h2>

Package Vendor: ARM
                https://www.keil.com/pack/ARM.CMSIS.6.1.0.pack
                ARM::CMSIS@6.1.0
                CMSIS (Common Microcontroller Software Interface Standard)
   * Component: CORE Version: 6.1.0

Package Vendor: Keil
                https://www.keil.com/pack/Keil.STM32F4xx_DFP.3.0.0.pack
                Keil::STM32F4xx_DFP@3.0.0
                STMicroelectronics STM32F4 Series Device Support

<h2>Collection of Component include folders:</h2>
  ./RTE/_MOTOR_CPP
  D:/Keil5/ARM/PACK/ARM/CMSIS/6.1.0/CMSIS/Core/Include

<h2>Collection of Component Files used:</h2>

   * Component: ARM::CMSIS:CORE@6.1.0
Build Time Elapsed:  00:00:31
</pre>
</body>
</html>
